[     266ms] [INFO] %cDownload the React DevTools for a better development experience: https://react.dev/link/react-devtools font-weight:bold @ http://localhost:3100/_next/static/chunks/node_modules_next_dist_1e8vcs8._.js:776
[     315ms] [LOG] [HMR] connected @ http://localhost:3100/_next/static/chunks/node_modules_next_dist_1e8vcs8._.js:776
[   11609ms] [INFO] %cDownload the React DevTools for a better development experience: https://react.dev/link/react-devtools font-weight:bold @ http://localhost:3100/_next/static/chunks/node_modules_next_dist_1e8vcs8._.js:776
[   11624ms] [LOG] [HMR] connected @ http://localhost:3100/_next/static/chunks/node_modules_next_dist_1e8vcs8._.js:776
[   26377ms] [LOG] [Fast Refresh] rebuilding @ http://localhost:3100/_next/static/chunks/node_modules_next_dist_1e8vcs8._.js:776
[   26470ms] [LOG] [Fast Refresh] done in 8ms @ http://localhost:3100/_next/static/chunks/node_modules_next_dist_1e8vcs8._.js:776
[   26499ms] ReferenceError: CommandDialog is not defined
    at SearchCommand (http://localhost:3100/_next/static/chunks/src_0m3wa8e._.js?id=%255Bproject%255D/src/components/shell/search-command.tsx+%255Bapp-client%255D+(ecmascript):169:216)
    at Object.react_stack_bottom_frame (http://localhost:3100/_next/static/chunks/node_modules_next_dist_compiled_react-dom_096_9a-._.js:14894:24)
    at renderWithHooks (http://localhost:3100/_next/static/chunks/node_modules_next_dist_compiled_react-dom_096_9a-._.js:4425:24)
    at updateFunctionComponent (http://localhost:3100/_next/static/chunks/node_modules_next_dist_compiled_react-dom_096_9a-._.js:5892:21)
    at beginWork (http://localhost:3100/_next/static/chunks/node_modules_next_dist_compiled_react-dom_096_9a-._.js:6518:24)
    at runWithFiberInDEV (http://localhost:3100/_next/static/chunks/node_modules_next_dist_compiled_react-dom_096_9a-._.js:761:74)
    at performUnitOfWork (http://localhost:3100/_next/static/chunks/node_modules_next_dist_compiled_react-dom_096_9a-._.js:9385:97)
    at workLoopSync (http://localhost:3100/_next/static/chunks/node_modules_next_dist_compiled_react-dom_096_9a-._.js:9279:40)
    at renderRootSync (http://localhost:3100/_next/static/chunks/node_modules_next_dist_compiled_react-dom_096_9a-._.js:9263:13)
    at performWorkOnRoot (http://localhost:3100/_next/static/chunks/node_modules_next_dist_compiled_react-dom_096_9a-._.js:8928:47)
    at performSyncWorkOnRoot (http://localhost:3100/_next/static/chunks/node_modules_next_dist_compiled_react-dom_096_9a-._.js:10093:9)
    at flushSyncWorkAcrossRoots_impl (http://localhost:3100/_next/static/chunks/node_modules_next_dist_compiled_react-dom_096_9a-._.js:10009:316)
    at processRootScheduleInMicrotask (http://localhost:3100/_next/static/chunks/node_modules_next_dist_compiled_react-dom_096_9a-._.js:10030:106)
    at http://localhost:3100/_next/static/chunks/node_modules_next_dist_compiled_react-dom_096_9a-._.js:10104:158
[   26582ms] [LOG] [Fast Refresh] done in 8ms @ http://localhost:3100/_next/static/chunks/node_modules_next_dist_1e8vcs8._.js:776
[   26645ms] [LOG] [Fast Refresh] done in 8ms @ http://localhost:3100/_next/static/chunks/node_modules_next_dist_1e8vcs8._.js:776
[   26707ms] [LOG] [Fast Refresh] done in 8ms @ http://localhost:3100/_next/static/chunks/node_modules_next_dist_1e8vcs8._.js:776
[   26770ms] [LOG] [Fast Refresh] done in 8ms @ http://localhost:3100/_next/static/chunks/node_modules_next_dist_1e8vcs8._.js:776
[   26832ms] [LOG] [Fast Refresh] done in 8ms @ http://localhost:3100/_next/static/chunks/node_modules_next_dist_1e8vcs8._.js:776
[   26895ms] [LOG] [Fast Refresh] done in 8ms @ http://localhost:3100/_next/static/chunks/node_modules_next_dist_1e8vcs8._.js:776
[   26943ms] [LOG] [Fast Refresh] done in 8ms @ http://localhost:3100/_next/static/chunks/node_modules_next_dist_1e8vcs8._.js:776
[   27003ms] [LOG] [Fast Refresh] done in 8ms @ http://localhost:3100/_next/static/chunks/node_modules_next_dist_1e8vcs8._.js:776
[   27051ms] [LOG] [Fast Refresh] done in 8ms @ http://localhost:3100/_next/static/chunks/node_modules_next_dist_1e8vcs8._.js:776
[   27112ms] [LOG] [Fast Refresh] done in 8ms @ http://localhost:3100/_next/static/chunks/node_modules_next_dist_1e8vcs8._.js:776
[   27175ms] [LOG] [Fast Refresh] done in 8ms @ http://localhost:3100/_next/static/chunks/node_modules_next_dist_1e8vcs8._.js:776
[   27237ms] [LOG] [Fast Refresh] done in 8ms @ http://localhost:3100/_next/static/chunks/node_modules_next_dist_1e8vcs8._.js:776
[   27300ms] [LOG] [Fast Refresh] done in 8ms @ http://localhost:3100/_next/static/chunks/node_modules_next_dist_1e8vcs8._.js:776
[   27382ms] [LOG] [Fast Refresh] done in 8ms @ http://localhost:3100/_next/static/chunks/node_modules_next_dist_1e8vcs8._.js:776
[   27442ms] [ERROR] Failed to load resource: the server responded with a status of 500 (Internal Server Error) @ http://localhost:3100/en/companies:0
[   27457ms] [INFO] %cDownload the React DevTools for a better development experience: https://react.dev/link/react-devtools font-weight:bold @ http://localhost:3100/_next/static/chunks/node_modules_next_dist_1e8vcs8._.js:776
[   27468ms] [LOG] [HMR] connected @ http://localhost:3100/_next/static/chunks/node_modules_next_dist_1e8vcs8._.js:776
[   27511ms] ReferenceError: CommandDialog is not defined
    at SearchCommand (http://localhost:3100/_next/static/chunks/src_0m3wa8e._.js:936:216)
    at Object.react_stack_bottom_frame (http://localhost:3100/_next/static/chunks/node_modules_next_dist_compiled_react-dom_096_9a-._.js:14894:24)
    at renderWithHooks (http://localhost:3100/_next/static/chunks/node_modules_next_dist_compiled_react-dom_096_9a-._.js:4425:24)
    at updateFunctionComponent (http://localhost:3100/_next/static/chunks/node_modules_next_dist_compiled_react-dom_096_9a-._.js:5892:21)
    at beginWork (http://localhost:3100/_next/static/chunks/node_modules_next_dist_compiled_react-dom_096_9a-._.js:6493:540)
    at runWithFiberInDEV (http://localhost:3100/_next/static/chunks/node_modules_next_dist_compiled_react-dom_096_9a-._.js:761:74)
    at performUnitOfWork (http://localhost:3100/_next/static/chunks/node_modules_next_dist_compiled_react-dom_096_9a-._.js:9385:97)
    at workLoopSync (http://localhost:3100/_next/static/chunks/node_modules_next_dist_compiled_react-dom_096_9a-._.js:9279:40)
    at renderRootSync (http://localhost:3100/_next/static/chunks/node_modules_next_dist_compiled_react-dom_096_9a-._.js:9263:13)
    at performWorkOnRoot (http://localhost:3100/_next/static/chunks/node_modules_next_dist_compiled_react-dom_096_9a-._.js:8928:47)
    at performWorkOnRootViaSchedulerTask (http://localhost:3100/_next/static/chunks/node_modules_next_dist_compiled_react-dom_096_9a-._.js:10085:9)
    at MessagePort.performWorkUntilDeadline (http://localhost:3100/_next/static/chunks/node_modules_next_dist_compiled_1amofcm._.js:2647:64)
[   34889ms] [ERROR] ./src/components/shell/search-command.tsx:255:23
Error: Expected '</', got 'jsx text'
  253 |           </CommandList>
  254 |         </Command>
> 255 |       </CommandDialog>
      |                       ^^^^^^^^^^^^^^^^^^^^^^^^^^^^^^^^^^^^^^^^^^^^^^^^^^^^^^^^^^^^^^^^^^^^^^
> 256 |     </>
      | ^^^^
  257 |   );
  258 | }
  259 |

Parsing ecmascript source code failed

Import trace:
  Server Component:
    ./src/components/shell/search-command.tsx
    ./src/components/shell/top-bar.tsx
    ./src/app/[locale]/(app)/layout.tsx @ http://localhost:3100/_next/static/chunks/node_modules_next_dist_1e8vcs8._.js:1052
[   34934ms] [LOG] [Fast Refresh] rebuilding @ http://localhost:3100/_next/static/chunks/node_modules_next_dist_1e8vcs8._.js:776
[   34998ms] [ERROR] ./src/components/shell/search-command.tsx:255:23
Error: Expected '</', got 'jsx text'
  253 |           </CommandList>
  254 |         </Command>
> 255 |       </CommandDialog>
      |                       ^^^^^^^^^^^^^^^^^^^^^^^^^^^^^^^^^^^^^^^^^^^^^^^^^^^^^^^^^^^^^^^^^^^^^^
> 256 |     </>
      | ^^^^
  257 |   );
  258 | }
  259 |

Parsing ecmascript source code failed

Import trace:
  Server Component:
    ./src/components/shell/search-command.tsx
    ./src/components/shell/top-bar.tsx
    ./src/app/[locale]/(app)/layout.tsx @ http://localhost:3100/_next/static/chunks/node_modules_next_dist_1e8vcs8._.js:1052
[   35060ms] [ERROR] ./src/components/shell/search-command.tsx:255:23
Error: Expected '</', got 'jsx text'
  253 |           </CommandList>
  254 |         </Command>
> 255 |       </CommandDialog>
      |                       ^^^^^^^^^^^^^^^^^^^^^^^^^^^^^^^^^^^^^^^^^^^^^^^^^^^^^^^^^^^^^^^^^^^^^^
> 256 |     </>
      | ^^^^
  257 |   );
  258 | }
  259 |

Parsing ecmascript source code failed

Import trace:
  Server Component:
    ./src/components/shell/search-command.tsx
    ./src/components/shell/top-bar.tsx
    ./src/app/[locale]/(app)/layout.tsx @ http://localhost:3100/_next/static/chunks/node_modules_next_dist_1e8vcs8._.js:1052
[   35106ms] [LOG] [Fast Refresh] rebuilding @ http://localhost:3100/_next/static/chunks/node_modules_next_dist_1e8vcs8._.js:776
[   35122ms] [ERROR] ./src/components/shell/search-command.tsx:255:23
Error: Expected '</', got 'jsx text'
  253 |           </CommandList>
  254 |         </Command>
> 255 |       </CommandDialog>
      |                       ^^^^^^^^^^^^^^^^^^^^^^^^^^^^^^^^^^^^^^^^^^^^^^^^^^^^^^^^^^^^^^^^^^^^^^
> 256 |     </>
      | ^^^^
  257 |   );
  258 | }
  259 |

Parsing ecmascript source code failed

Import trace:
  Server Component:
    ./src/components/shell/search-command.tsx
    ./src/components/shell/top-bar.tsx
    ./src/app/[locale]/(app)/layout.tsx @ http://localhost:3100/_next/static/chunks/node_modules_next_dist_1e8vcs8._.js:1052
[   35186ms] [ERROR] ./src/components/shell/search-command.tsx:255:23
Error: Expected '</', got 'jsx text'
  253 |           </CommandList>
  254 |         </Command>
> 255 |       </CommandDialog>
      |                       ^^^^^^^^^^^^^^^^^^^^^^^^^^^^^^^^^^^^^^^^^^^^^^^^^^^^^^^^^^^^^^^^^^^^^^
> 256 |     </>
      | ^^^^
  257 |   );
  258 | }
  259 |

Parsing ecmascript source code failed

Import trace:
  Server Component:
    ./src/components/shell/search-command.tsx
    ./src/components/shell/top-bar.tsx
    ./src/app/[locale]/(app)/layout.tsx @ http://localhost:3100/_next/static/chunks/node_modules_next_dist_1e8vcs8._.js:1052
[   35248ms] [ERROR] ./src/components/shell/search-command.tsx:255:23
Error: Expected '</', got 'jsx text'
  253 |           </CommandList>
  254 |         </Command>
> 255 |       </CommandDialog>
      |                       ^^^^^^^^^^^^^^^^^^^^^^^^^^^^^^^^^^^^^^^^^^^^^^^^^^^^^^^^^^^^^^^^^^^^^^
> 256 |     </>
      | ^^^^
  257 |   );
  258 | }
  259 |

Parsing ecmascript source code failed

Import trace:
  Server Component:
    ./src/components/shell/search-command.tsx
    ./src/components/shell/top-bar.tsx
    ./src/app/[locale]/(app)/layout.tsx @ http://localhost:3100/_next/static/chunks/node_modules_next_dist_1e8vcs8._.js:1052
[   35311ms] [ERROR] ./src/components/shell/search-command.tsx:255:23
Error: Expected '</', got 'jsx text'
  253 |           </CommandList>
  254 |         </Command>
> 255 |       </CommandDialog>
      |                       ^^^^^^^^^^^^^^^^^^^^^^^^^^^^^^^^^^^^^^^^^^^^^^^^^^^^^^^^^^^^^^^^^^^^^^
> 256 |     </>
      | ^^^^
  257 |   );
  258 | }
  259 |

Parsing ecmascript source code failed

Import trace:
  Server Component:
    ./src/components/shell/search-command.tsx
    ./src/components/shell/top-bar.tsx
    ./src/app/[locale]/(app)/layout.tsx @ http://localhost:3100/_next/static/chunks/node_modules_next_dist_1e8vcs8._.js:1052
[   35372ms] [ERROR] ./src/components/shell/search-command.tsx:255:23
Error: Expected '</', got 'jsx text'
  253 |           </CommandList>
  254 |         </Command>
> 255 |       </CommandDialog>
      |                       ^^^^^^^^^^^^^^^^^^^^^^^^^^^^^^^^^^^^^^^^^^^^^^^^^^^^^^^^^^^^^^^^^^^^^^
> 256 |     </>
      | ^^^^
  257 |   );
  258 | }
  259 |

Parsing ecmascript source code failed

Import trace:
  Server Component:
    ./src/components/shell/search-command.tsx
    ./src/components/shell/top-bar.tsx
    ./src/app/[locale]/(app)/layout.tsx @ http://localhost:3100/_next/static/chunks/node_modules_next_dist_1e8vcs8._.js:1052
[   35436ms] [ERROR] ./src/components/shell/search-command.tsx:255:23
Error: Expected '</', got 'jsx text'
  253 |           </CommandList>
  254 |         </Command>
> 255 |       </CommandDialog>
      |                       ^^^^^^^^^^^^^^^^^^^^^^^^^^^^^^^^^^^^^^^^^^^^^^^^^^^^^^^^^^^^^^^^^^^^^^
> 256 |     </>
      | ^^^^
  257 |   );
  258 | }
  259 |

Parsing ecmascript source code failed

Import trace:
  Server Component:
    ./src/components/shell/search-command.tsx
    ./src/components/shell/top-bar.tsx
    ./src/app/[locale]/(app)/layout.tsx @ http://localhost:3100/_next/static/chunks/node_modules_next_dist_1e8vcs8._.js:1052
[   35499ms] [ERROR] ./src/components/shell/search-command.tsx:255:23
Error: Expected '</', got 'jsx text'
  253 |           </CommandList>
  254 |         </Command>
> 255 |       </CommandDialog>
      |                       ^^^^^^^^^^^^^^^^^^^^^^^^^^^^^^^^^^^^^^^^^^^^^^^^^^^^^^^^^^^^^^^^^^^^^^
> 256 |     </>
      | ^^^^
  257 |   );
  258 | }
  259 |

Parsing ecmascript source code failed

Import trace:
  Server Component:
    ./src/components/shell/search-command.tsx
    ./src/components/shell/top-bar.tsx
    ./src/app/[locale]/(app)/layout.tsx @ http://localhost:3100/_next/static/chunks/node_modules_next_dist_1e8vcs8._.js:1052
[   35560ms] [ERROR] ./src/components/shell/search-command.tsx:255:23
Error: Expected '</', got 'jsx text'
  253 |           </CommandList>
  254 |         </Command>
> 255 |       </CommandDialog>
      |                       ^^^^^^^^^^^^^^^^^^^^^^^^^^^^^^^^^^^^^^^^^^^^^^^^^^^^^^^^^^^^^^^^^^^^^^
> 256 |     </>
      | ^^^^
  257 |   );
  258 | }
  259 |

Parsing ecmascript source code failed

Import trace:
  Server Component:
    ./src/components/shell/search-command.tsx
    ./src/components/shell/top-bar.tsx
    ./src/app/[locale]/(app)/layout.tsx @ http://localhost:3100/_next/static/chunks/node_modules_next_dist_1e8vcs8._.js:1052
[   35623ms] [ERROR] ./src/components/shell/search-command.tsx:255:23
Error: Expected '</', got 'jsx text'
  253 |           </CommandList>
  254 |         </Command>
> 255 |       </CommandDialog>
      |                       ^^^^^^^^^^^^^^^^^^^^^^^^^^^^^^^^^^^^^^^^^^^^^^^^^^^^^^^^^^^^^^^^^^^^^^
> 256 |     </>
      | ^^^^
  257 |   );
  258 | }
  259 |

Parsing ecmascript source code failed

Import trace:
  Server Component:
    ./src/components/shell/search-command.tsx
    ./src/components/shell/top-bar.tsx
    ./src/app/[locale]/(app)/layout.tsx @ http://localhost:3100/_next/static/chunks/node_modules_next_dist_1e8vcs8._.js:1052
[   35685ms] [ERROR] ./src/components/shell/search-command.tsx:255:23
Error: Expected '</', got 'jsx text'
  253 |           </CommandList>
  254 |         </Command>
> 255 |       </CommandDialog>
      |                       ^^^^^^^^^^^^^^^^^^^^^^^^^^^^^^^^^^^^^^^^^^^^^^^^^^^^^^^^^^^^^^^^^^^^^^
> 256 |     </>
      | ^^^^
  257 |   );
  258 | }
  259 |

Parsing ecmascript source code failed

Import trace:
  Server Component:
    ./src/components/shell/search-command.tsx
    ./src/components/shell/top-bar.tsx
    ./src/app/[locale]/(app)/layout.tsx @ http://localhost:3100/_next/static/chunks/node_modules_next_dist_1e8vcs8._.js:1052
[   35752ms] [ERROR] ./src/components/shell/search-command.tsx:255:23
Error: Expected '</', got 'jsx text'
  253 |           </CommandList>
  254 |         </Command>
> 255 |       </CommandDialog>
      |                       ^^^^^^^^^^^^^^^^^^^^^^^^^^^^^^^^^^^^^^^^^^^^^^^^^^^^^^^^^^^^^^^^^^^^^^
> 256 |     </>
      | ^^^^
  257 |   );
  258 | }
  259 |

Parsing ecmascript source code failed

Import trace:
  Server Component:
    ./src/components/shell/search-command.tsx
    ./src/components/shell/top-bar.tsx
    ./src/app/[locale]/(app)/layout.tsx @ http://localhost:3100/_next/static/chunks/node_modules_next_dist_1e8vcs8._.js:1052
[   35811ms] [ERROR] ./src/components/shell/search-command.tsx:255:23
Error: Expected '</', got 'jsx text'
  253 |           </CommandList>
  254 |         </Command>
> 255 |       </CommandDialog>
      |                       ^^^^^^^^^^^^^^^^^^^^^^^^^^^^^^^^^^^^^^^^^^^^^^^^^^^^^^^^^^^^^^^^^^^^^^
> 256 |     </>
      | ^^^^
  257 |   );
  258 | }
  259 |

Parsing ecmascript source code failed

Import trace:
  Server Component:
    ./src/components/shell/search-command.tsx
    ./src/components/shell/top-bar.tsx
    ./src/app/[locale]/(app)/layout.tsx @ http://localhost:3100/_next/static/chunks/node_modules_next_dist_1e8vcs8._.js:1052
[   35871ms] [ERROR] ./src/components/shell/search-command.tsx:255:23
Error: Expected '</', got 'jsx text'
  253 |           </CommandList>
  254 |         </Command>
> 255 |       </CommandDialog>
      |                       ^^^^^^^^^^^^^^^^^^^^^^^^^^^^^^^^^^^^^^^^^^^^^^^^^^^^^^^^^^^^^^^^^^^^^^
> 256 |     </>
      | ^^^^
  257 |   );
  258 | }
  259 |

Parsing ecmascript source code failed

Import trace:
  Server Component:
    ./src/components/shell/search-command.tsx
    ./src/components/shell/top-bar.tsx
    ./src/app/[locale]/(app)/layout.tsx @ http://localhost:3100/_next/static/chunks/node_modules_next_dist_1e8vcs8._.js:1052
[   35933ms] [ERROR] ./src/components/shell/search-command.tsx:255:23
Error: Expected '</', got 'jsx text'
  253 |           </CommandList>
  254 |         </Command>
> 255 |       </CommandDialog>
      |                       ^^^^^^^^^^^^^^^^^^^^^^^^^^^^^^^^^^^^^^^^^^^^^^^^^^^^^^^^^^^^^^^^^^^^^^
> 256 |     </>
      | ^^^^
  257 |   );
  258 | }
  259 |

Parsing ecmascript source code failed

Import trace:
  Server Component:
    ./src/components/shell/search-command.tsx
    ./src/components/shell/top-bar.tsx
    ./src/app/[locale]/(app)/layout.tsx @ http://localhost:3100/_next/static/chunks/node_modules_next_dist_1e8vcs8._.js:1052
[   35994ms] [ERROR] ./src/components/shell/search-command.tsx:255:23
Error: Expected '</', got 'jsx text'
  253 |           </CommandList>
  254 |         </Command>
> 255 |       </CommandDialog>
      |                       ^^^^^^^^^^^^^^^^^^^^^^^^^^^^^^^^^^^^^^^^^^^^^^^^^^^^^^^^^^^^^^^^^^^^^^
> 256 |     </>
      | ^^^^
  257 |   );
  258 | }
  259 |

Parsing ecmascript source code failed

Import trace:
  Server Component:
    ./src/components/shell/search-command.tsx
    ./src/components/shell/top-bar.tsx
    ./src/app/[locale]/(app)/layout.tsx @ http://localhost:3100/_next/static/chunks/node_modules_next_dist_1e8vcs8._.js:1052
[   36056ms] [ERROR] ./src/components/shell/search-command.tsx:255:23
Error: Expected '</', got 'jsx text'
  253 |           </CommandList>
  254 |         </Command>
> 255 |       </CommandDialog>
      |                       ^^^^^^^^^^^^^^^^^^^^^^^^^^^^^^^^^^^^^^^^^^^^^^^^^^^^^^^^^^^^^^^^^^^^^^
> 256 |     </>
      | ^^^^
  257 |   );
  258 | }
  259 |

Parsing ecmascript source code failed

Import trace:
  Server Component:
    ./src/components/shell/search-command.tsx
    ./src/components/shell/top-bar.tsx
    ./src/app/[locale]/(app)/layout.tsx @ http://localhost:3100/_next/static/chunks/node_modules_next_dist_1e8vcs8._.js:1052
[   36118ms] [ERROR] ./src/components/shell/search-command.tsx:255:23
Error: Expected '</', got 'jsx text'
  253 |           </CommandList>
  254 |         </Command>
> 255 |       </CommandDialog>
      |                       ^^^^^^^^^^^^^^^^^^^^^^^^^^^^^^^^^^^^^^^^^^^^^^^^^^^^^^^^^^^^^^^^^^^^^^
> 256 |     </>
      | ^^^^
  257 |   );
  258 | }
  259 |

Parsing ecmascript source code failed

Import trace:
  Server Component:
    ./src/components/shell/search-command.tsx
    ./src/components/shell/top-bar.tsx
    ./src/app/[locale]/(app)/layout.tsx @ http://localhost:3100/_next/static/chunks/node_modules_next_dist_1e8vcs8._.js:1052
[   36181ms] [ERROR] ./src/components/shell/search-command.tsx:255:23
Error: Expected '</', got 'jsx text'
  253 |           </CommandList>
  254 |         </Command>
> 255 |       </CommandDialog>
      |                       ^^^^^^^^^^^^^^^^^^^^^^^^^^^^^^^^^^^^^^^^^^^^^^^^^^^^^^^^^^^^^^^^^^^^^^
> 256 |     </>
      | ^^^^
  257 |   );
  258 | }
  259 |

Parsing ecmascript source code failed

Import trace:
  Server Component:
    ./src/components/shell/search-command.tsx
    ./src/components/shell/top-bar.tsx
    ./src/app/[locale]/(app)/layout.tsx @ http://localhost:3100/_next/static/chunks/node_modules_next_dist_1e8vcs8._.js:1052
[   36242ms] [ERROR] ./src/components/shell/search-command.tsx:255:23
Error: Expected '</', got 'jsx text'
  253 |           </CommandList>
  254 |         </Command>
> 255 |       </CommandDialog>
      |                       ^^^^^^^^^^^^^^^^^^^^^^^^^^^^^^^^^^^^^^^^^^^^^^^^^^^^^^^^^^^^^^^^^^^^^^
> 256 |     </>
      | ^^^^
  257 |   );
  258 | }
  259 |

Parsing ecmascript source code failed

Import trace:
  Server Component:
    ./src/components/shell/search-command.tsx
    ./src/components/shell/top-bar.tsx
    ./src/app/[locale]/(app)/layout.tsx @ http://localhost:3100/_next/static/chunks/node_modules_next_dist_1e8vcs8._.js:1052
[   36305ms] [ERROR] ./src/components/shell/search-command.tsx:255:23
Error: Expected '</', got 'jsx text'
  253 |           </CommandList>
  254 |         </Command>
> 255 |       </CommandDialog>
      |                       ^^^^^^^^^^^^^^^^^^^^^^^^^^^^^^^^^^^^^^^^^^^^^^^^^^^^^^^^^^^^^^^^^^^^^^
> 256 |     </>
      | ^^^^
  257 |   );
  258 | }
  259 |

Parsing ecmascript source code failed

Import trace:
  Server Component:
    ./src/components/shell/search-command.tsx
    ./src/components/shell/top-bar.tsx
    ./src/app/[locale]/(app)/layout.tsx @ http://localhost:3100/_next/static/chunks/node_modules_next_dist_1e8vcs8._.js:1052
[   36367ms] [ERROR] ./src/components/shell/search-command.tsx:255:23
Error: Expected '</', got 'jsx text'
  253 |           </CommandList>
  254 |         </Command>
> 255 |       </CommandDialog>
      |                       ^^^^^^^^^^^^^^^^^^^^^^^^^^^^^^^^^^^^^^^^^^^^^^^^^^^^^^^^^^^^^^^^^^^^^^
> 256 |     </>
      | ^^^^
  257 |   );
  258 | }
  259 |

Parsing ecmascript source code failed

Import trace:
  Server Component:
    ./src/components/shell/search-command.tsx
    ./src/components/shell/top-bar.tsx
    ./src/app/[locale]/(app)/layout.tsx @ http://localhost:3100/_next/static/chunks/node_modules_next_dist_1e8vcs8._.js:1052
[   36429ms] [ERROR] ./src/components/shell/search-command.tsx:255:23
Error: Expected '</', got 'jsx text'
  253 |           </CommandList>
  254 |         </Command>
> 255 |       </CommandDialog>
      |                       ^^^^^^^^^^^^^^^^^^^^^^^^^^^^^^^^^^^^^^^^^^^^^^^^^^^^^^^^^^^^^^^^^^^^^^
> 256 |     </>
      | ^^^^
  257 |   );
  258 | }
  259 |

Parsing ecmascript source code failed

Import trace:
  Server Component:
    ./src/components/shell/search-command.tsx
    ./src/components/shell/top-bar.tsx
    ./src/app/[locale]/(app)/layout.tsx @ http://localhost:3100/_next/static/chunks/node_modules_next_dist_1e8vcs8._.js:1052
[   36492ms] [ERROR] ./src/components/shell/search-command.tsx:255:23
Error: Expected '</', got 'jsx text'
  253 |           </CommandList>
  254 |         </Command>
> 255 |       </CommandDialog>
      |                       ^^^^^^^^^^^^^^^^^^^^^^^^^^^^^^^^^^^^^^^^^^^^^^^^^^^^^^^^^^^^^^^^^^^^^^
> 256 |     </>
      | ^^^^
  257 |   );
  258 | }
  259 |

Parsing ecmascript source code failed

Import trace:
  Server Component:
    ./src/components/shell/search-command.tsx
    ./src/components/shell/top-bar.tsx
    ./src/app/[locale]/(app)/layout.tsx @ http://localhost:3100/_next/static/chunks/node_modules_next_dist_1e8vcs8._.js:1052
[   36555ms] [ERROR] ./src/components/shell/search-command.tsx:255:23
Error: Expected '</', got 'jsx text'
  253 |           </CommandList>
  254 |         </Command>
> 255 |       </CommandDialog>
      |                       ^^^^^^^^^^^^^^^^^^^^^^^^^^^^^^^^^^^^^^^^^^^^^^^^^^^^^^^^^^^^^^^^^^^^^^
> 256 |     </>
      | ^^^^
  257 |   );
  258 | }
  259 |

Parsing ecmascript source code failed

Import trace:
  Server Component:
    ./src/components/shell/search-command.tsx
    ./src/components/shell/top-bar.tsx
    ./src/app/[locale]/(app)/layout.tsx @ http://localhost:3100/_next/static/chunks/node_modules_next_dist_1e8vcs8._.js:1052
[   36617ms] [ERROR] ./src/components/shell/search-command.tsx:255:23
Error: Expected '</', got 'jsx text'
  253 |           </CommandList>
  254 |         </Command>
> 255 |       </CommandDialog>
      |                       ^^^^^^^^^^^^^^^^^^^^^^^^^^^^^^^^^^^^^^^^^^^^^^^^^^^^^^^^^^^^^^^^^^^^^^
> 256 |     </>
      | ^^^^
  257 |   );
  258 | }
  259 |

Parsing ecmascript source code failed

Import trace:
  Server Component:
    ./src/components/shell/search-command.tsx
    ./src/components/shell/top-bar.tsx
    ./src/app/[locale]/(app)/layout.tsx @ http://localhost:3100/_next/static/chunks/node_modules_next_dist_1e8vcs8._.js:1052
[   36678ms] [ERROR] ./src/components/shell/search-command.tsx:255:23
Error: Expected '</', got 'jsx text'
  253 |           </CommandList>
  254 |         </Command>
> 255 |       </CommandDialog>
      |                       ^^^^^^^^^^^^^^^^^^^^^^^^^^^^^^^^^^^^^^^^^^^^^^^^^^^^^^^^^^^^^^^^^^^^^^
> 256 |     </>
      | ^^^^
  257 |   );
  258 | }
  259 |

Parsing ecmascript source code failed

Import trace:
  Server Component:
    ./src/components/shell/search-command.tsx
    ./src/components/shell/top-bar.tsx
    ./src/app/[locale]/(app)/layout.tsx @ http://localhost:3100/_next/static/chunks/node_modules_next_dist_1e8vcs8._.js:1052
[   36742ms] [ERROR] ./src/components/shell/search-command.tsx:255:23
Error: Expected '</', got 'jsx text'
  253 |           </CommandList>
  254 |         </Command>
> 255 |       </CommandDialog>
      |                       ^^^^^^^^^^^^^^^^^^^^^^^^^^^^^^^^^^^^^^^^^^^^^^^^^^^^^^^^^^^^^^^^^^^^^^
> 256 |     </>
      | ^^^^
  257 |   );
  258 | }
  259 |

Parsing ecmascript source code failed

Import trace:
  Server Component:
    ./src/components/shell/search-command.tsx
    ./src/components/shell/top-bar.tsx
    ./src/app/[locale]/(app)/layout.tsx @ http://localhost:3100/_next/static/chunks/node_modules_next_dist_1e8vcs8._.js:1052
[   36803ms] [ERROR] ./src/components/shell/search-command.tsx:255:23
Error: Expected '</', got 'jsx text'
  253 |           </CommandList>
  254 |         </Command>
> 255 |       </CommandDialog>
      |                       ^^^^^^^^^^^^^^^^^^^^^^^^^^^^^^^^^^^^^^^^^^^^^^^^^^^^^^^^^^^^^^^^^^^^^^
> 256 |     </>
      | ^^^^
  257 |   );
  258 | }
  259 |

Parsing ecmascript source code failed

Import trace:
  Server Component:
    ./src/components/shell/search-command.tsx
    ./src/components/shell/top-bar.tsx
    ./src/app/[locale]/(app)/layout.tsx @ http://localhost:3100/_next/static/chunks/node_modules_next_dist_1e8vcs8._.js:1052
[   36868ms] [ERROR] ./src/components/shell/search-command.tsx:255:23
Error: Expected '</', got 'jsx text'
  253 |           </CommandList>
  254 |         </Command>
> 255 |       </CommandDialog>
      |                       ^^^^^^^^^^^^^^^^^^^^^^^^^^^^^^^^^^^^^^^^^^^^^^^^^^^^^^^^^^^^^^^^^^^^^^
> 256 |     </>
      | ^^^^
  257 |   );
  258 | }
  259 |

Parsing ecmascript source code failed

Import trace:
  Server Component:
    ./src/components/shell/search-command.tsx
    ./src/components/shell/top-bar.tsx
    ./src/app/[locale]/(app)/layout.tsx @ http://localhost:3100/_next/static/chunks/node_modules_next_dist_1e8vcs8._.js:1052
[   36930ms] [ERROR] ./src/components/shell/search-command.tsx:255:23
Error: Expected '</', got 'jsx text'
  253 |           </CommandList>
  254 |         </Command>
> 255 |       </CommandDialog>
      |                       ^^^^^^^^^^^^^^^^^^^^^^^^^^^^^^^^^^^^^^^^^^^^^^^^^^^^^^^^^^^^^^^^^^^^^^
> 256 |     </>
      | ^^^^
  257 |   );
  258 | }
  259 |

Parsing ecmascript source code failed

Import trace:
  Server Component:
    ./src/components/shell/search-command.tsx
    ./src/components/shell/top-bar.tsx
    ./src/app/[locale]/(app)/layout.tsx @ http://localhost:3100/_next/static/chunks/node_modules_next_dist_1e8vcs8._.js:1052
[   37007ms] [ERROR] ./src/components/shell/search-command.tsx:255:23
Error: Expected '</', got 'jsx text'
  253 |           </CommandList>
  254 |         </Command>
> 255 |       </CommandDialog>
      |                       ^^^^^^^^^^^^^^^^^^^^^^^^^^^^^^^^^^^^^^^^^^^^^^^^^^^^^^^^^^^^^^^^^^^^^^
> 256 |     </>
      | ^^^^
  257 |   );
  258 | }
  259 |

Parsing ecmascript source code failed

Import trace:
  Server Component:
    ./src/components/shell/search-command.tsx
    ./src/components/shell/top-bar.tsx
    ./src/app/[locale]/(app)/layout.tsx @ http://localhost:3100/_next/static/chunks/node_modules_next_dist_1e8vcs8._.js:1052
[   37054ms] [ERROR] ./src/components/shell/search-command.tsx:255:23
Error: Expected '</', got 'jsx text'
  253 |           </CommandList>
  254 |         </Command>
> 255 |       </CommandDialog>
      |                       ^^^^^^^^^^^^^^^^^^^^^^^^^^^^^^^^^^^^^^^^^^^^^^^^^^^^^^^^^^^^^^^^^^^^^^
> 256 |     </>
      | ^^^^
  257 |   );
  258 | }
  259 |

Parsing ecmascript source code failed

Import trace:
  Server Component:
    ./src/components/shell/search-command.tsx
    ./src/components/shell/top-bar.tsx
    ./src/app/[locale]/(app)/layout.tsx @ http://localhost:3100/_next/static/chunks/node_modules_next_dist_1e8vcs8._.js:1052
[   37147ms] [ERROR] ./src/components/shell/search-command.tsx:255:23
Error: Expected '</', got 'jsx text'
  253 |           </CommandList>
  254 |         </Command>
> 255 |       </CommandDialog>
      |                       ^^^^^^^^^^^^^^^^^^^^^^^^^^^^^^^^^^^^^^^^^^^^^^^^^^^^^^^^^^^^^^^^^^^^^^
> 256 |     </>
      | ^^^^
  257 |   );
  258 | }
  259 |

Parsing ecmascript source code failed

Import trace:
  Server Component:
    ./src/components/shell/search-command.tsx
    ./src/components/shell/top-bar.tsx
    ./src/app/[locale]/(app)/layout.tsx @ http://localhost:3100/_next/static/chunks/node_modules_next_dist_1e8vcs8._.js:1052
[   37210ms] [ERROR] ./src/components/shell/search-command.tsx:255:23
Error: Expected '</', got 'jsx text'
  253 |           </CommandList>
  254 |         </Command>
> 255 |       </CommandDialog>
      |                       ^^^^^^^^^^^^^^^^^^^^^^^^^^^^^^^^^^^^^^^^^^^^^^^^^^^^^^^^^^^^^^^^^^^^^^
> 256 |     </>
      | ^^^^
  257 |   );
  258 | }
  259 |

Parsing ecmascript source code failed

Import trace:
  Server Component:
    ./src/components/shell/search-command.tsx
    ./src/components/shell/top-bar.tsx
    ./src/app/[locale]/(app)/layout.tsx @ http://localhost:3100/_next/static/chunks/node_modules_next_dist_1e8vcs8._.js:1052
[   37272ms] [ERROR] ./src/components/shell/search-command.tsx:255:23
Error: Expected '</', got 'jsx text'
  253 |           </CommandList>
  254 |         </Command>
> 255 |       </CommandDialog>
      |                       ^^^^^^^^^^^^^^^^^^^^^^^^^^^^^^^^^^^^^^^^^^^^^^^^^^^^^^^^^^^^^^^^^^^^^^
> 256 |     </>
      | ^^^^
  257 |   );
  258 | }
  259 |

Parsing ecmascript source code failed

Import trace:
  Server Component:
    ./src/components/shell/search-command.tsx
    ./src/components/shell/top-bar.tsx
    ./src/app/[locale]/(app)/layout.tsx @ http://localhost:3100/_next/static/chunks/node_modules_next_dist_1e8vcs8._.js:1052
[   37322ms] [ERROR] ./src/components/shell/search-command.tsx:255:23
Error: Expected '</', got 'jsx text'
  253 |           </CommandList>
  254 |         </Command>
> 255 |       </CommandDialog>
      |                       ^^^^^^^^^^^^^^^^^^^^^^^^^^^^^^^^^^^^^^^^^^^^^^^^^^^^^^^^^^^^^^^^^^^^^^
> 256 |     </>
      | ^^^^
  257 |   );
  258 | }
  259 |

Parsing ecmascript source code failed

Import trace:
  Server Component:
    ./src/components/shell/search-command.tsx
    ./src/components/shell/top-bar.tsx
    ./src/app/[locale]/(app)/layout.tsx @ http://localhost:3100/_next/static/chunks/node_modules_next_dist_1e8vcs8._.js:1052
[   37402ms] [ERROR] ./src/components/shell/search-command.tsx:255:23
Error: Expected '</', got 'jsx text'
  253 |           </CommandList>
  254 |         </Command>
> 255 |       </CommandDialog>
      |                       ^^^^^^^^^^^^^^^^^^^^^^^^^^^^^^^^^^^^^^^^^^^^^^^^^^^^^^^^^^^^^^^^^^^^^^
> 256 |     </>
      | ^^^^
  257 |   );
  258 | }
  259 |

Parsing ecmascript source code failed

Import trace:
  Server Component:
    ./src/components/shell/search-command.tsx
    ./src/components/shell/top-bar.tsx
    ./src/app/[locale]/(app)/layout.tsx @ http://localhost:3100/_next/static/chunks/node_modules_next_dist_1e8vcs8._.js:1052
[   37461ms] [ERROR] ./src/components/shell/search-command.tsx:255:23
Error: Expected '</', got 'jsx text'
  253 |           </CommandList>
  254 |         </Command>
> 255 |       </CommandDialog>
      |                       ^^^^^^^^^^^^^^^^^^^^^^^^^^^^^^^^^^^^^^^^^^^^^^^^^^^^^^^^^^^^^^^^^^^^^^
> 256 |     </>
      | ^^^^
  257 |   );
  258 | }
  259 |

Parsing ecmascript source code failed

Import trace:
  Server Component:
    ./src/components/shell/search-command.tsx
    ./src/components/shell/top-bar.tsx
    ./src/app/[locale]/(app)/layout.tsx @ http://localhost:3100/_next/static/chunks/node_modules_next_dist_1e8vcs8._.js:1052
[   37523ms] [ERROR] ./src/components/shell/search-command.tsx:255:23
Error: Expected '</', got 'jsx text'
  253 |           </CommandList>
  254 |         </Command>
> 255 |       </CommandDialog>
      |                       ^^^^^^^^^^^^^^^^^^^^^^^^^^^^^^^^^^^^^^^^^^^^^^^^^^^^^^^^^^^^^^^^^^^^^^
> 256 |     </>
      | ^^^^
  257 |   );
  258 | }
  259 |

Parsing ecmascript source code failed

Import trace:
  Server Component:
    ./src/components/shell/search-command.tsx
    ./src/components/shell/top-bar.tsx
    ./src/app/[locale]/(app)/layout.tsx @ http://localhost:3100/_next/static/chunks/node_modules_next_dist_1e8vcs8._.js:1052
[   37587ms] [ERROR] ./src/components/shell/search-command.tsx:255:23
Error: Expected '</', got 'jsx text'
  253 |           </CommandList>
  254 |         </Command>
> 255 |       </CommandDialog>
      |                       ^^^^^^^^^^^^^^^^^^^^^^^^^^^^^^^^^^^^^^^^^^^^^^^^^^^^^^^^^^^^^^^^^^^^^^
> 256 |     </>
      | ^^^^
  257 |   );
  258 | }
  259 |

Parsing ecmascript source code failed

Import trace:
  Server Component:
    ./src/components/shell/search-command.tsx
    ./src/components/shell/top-bar.tsx
    ./src/app/[locale]/(app)/layout.tsx @ http://localhost:3100/_next/static/chunks/node_modules_next_dist_1e8vcs8._.js:1052
[   37649ms] [ERROR] ./src/components/shell/search-command.tsx:255:23
Error: Expected '</', got 'jsx text'
  253 |           </CommandList>
  254 |         </Command>
> 255 |       </CommandDialog>
      |                       ^^^^^^^^^^^^^^^^^^^^^^^^^^^^^^^^^^^^^^^^^^^^^^^^^^^^^^^^^^^^^^^^^^^^^^
> 256 |     </>
      | ^^^^
  257 |   );
  258 | }
  259 |

Parsing ecmascript source code failed

Import trace:
  Server Component:
    ./src/components/shell/search-command.tsx
    ./src/components/shell/top-bar.tsx
    ./src/app/[locale]/(app)/layout.tsx @ http://localhost:3100/_next/static/chunks/node_modules_next_dist_1e8vcs8._.js:1052
[   37711ms] [ERROR] ./src/components/shell/search-command.tsx:255:23
Error: Expected '</', got 'jsx text'
  253 |           </CommandList>
  254 |         </Command>
> 255 |       </CommandDialog>
      |                       ^^^^^^^^^^^^^^^^^^^^^^^^^^^^^^^^^^^^^^^^^^^^^^^^^^^^^^^^^^^^^^^^^^^^^^
> 256 |     </>
      | ^^^^
  257 |   );
  258 | }
  259 |

Parsing ecmascript source code failed

Import trace:
  Server Component:
    ./src/components/shell/search-command.tsx
    ./src/components/shell/top-bar.tsx
    ./src/app/[locale]/(app)/layout.tsx @ http://localhost:3100/_next/static/chunks/node_modules_next_dist_1e8vcs8._.js:1052
[   37772ms] [ERROR] ./src/components/shell/search-command.tsx:255:23
Error: Expected '</', got 'jsx text'
  253 |           </CommandList>
  254 |         </Command>
> 255 |       </CommandDialog>
      |                       ^^^^^^^^^^^^^^^^^^^^^^^^^^^^^^^^^^^^^^^^^^^^^^^^^^^^^^^^^^^^^^^^^^^^^^
> 256 |     </>
      | ^^^^
  257 |   );
  258 | }
  259 |

Parsing ecmascript source code failed

Import trace:
  Server Component:
    ./src/components/shell/search-command.tsx
    ./src/components/shell/top-bar.tsx
    ./src/app/[locale]/(app)/layout.tsx @ http://localhost:3100/_next/static/chunks/node_modules_next_dist_1e8vcs8._.js:1052
[   37835ms] [ERROR] ./src/components/shell/search-command.tsx:255:23
Error: Expected '</', got 'jsx text'
  253 |           </CommandList>
  254 |         </Command>
> 255 |       </CommandDialog>
      |                       ^^^^^^^^^^^^^^^^^^^^^^^^^^^^^^^^^^^^^^^^^^^^^^^^^^^^^^^^^^^^^^^^^^^^^^
> 256 |     </>
      | ^^^^
  257 |   );
  258 | }
  259 |

Parsing ecmascript source code failed

Import trace:
  Server Component:
    ./src/components/shell/search-command.tsx
    ./src/components/shell/top-bar.tsx
    ./src/app/[locale]/(app)/layout.tsx @ http://localhost:3100/_next/static/chunks/node_modules_next_dist_1e8vcs8._.js:1052
[   37900ms] [ERROR] ./src/components/shell/search-command.tsx:255:23
Error: Expected '</', got 'jsx text'
  253 |           </CommandList>
  254 |         </Command>
> 255 |       </CommandDialog>
      |                       ^^^^^^^^^^^^^^^^^^^^^^^^^^^^^^^^^^^^^^^^^^^^^^^^^^^^^^^^^^^^^^^^^^^^^^
> 256 |     </>
      | ^^^^
  257 |   );
  258 | }
  259 |

Parsing ecmascript source code failed

Import trace:
  Server Component:
    ./src/components/shell/search-command.tsx
    ./src/components/shell/top-bar.tsx
    ./src/app/[locale]/(app)/layout.tsx @ http://localhost:3100/_next/static/chunks/node_modules_next_dist_1e8vcs8._.js:1052
[   37960ms] [ERROR] ./src/components/shell/search-command.tsx:255:23
Error: Expected '</', got 'jsx text'
  253 |           </CommandList>
  254 |         </Command>
> 255 |       </CommandDialog>
      |                       ^^^^^^^^^^^^^^^^^^^^^^^^^^^^^^^^^^^^^^^^^^^^^^^^^^^^^^^^^^^^^^^^^^^^^^
> 256 |     </>
      | ^^^^
  257 |   );
  258 | }
  259 |

Parsing ecmascript source code failed

Import trace:
  Server Component:
    ./src/components/shell/search-command.tsx
    ./src/components/shell/top-bar.tsx
    ./src/app/[locale]/(app)/layout.tsx @ http://localhost:3100/_next/static/chunks/node_modules_next_dist_1e8vcs8._.js:1052
[   38021ms] [ERROR] ./src/components/shell/search-command.tsx:255:23
Error: Expected '</', got 'jsx text'
  253 |           </CommandList>
  254 |         </Command>
> 255 |       </CommandDialog>
      |                       ^^^^^^^^^^^^^^^^^^^^^^^^^^^^^^^^^^^^^^^^^^^^^^^^^^^^^^^^^^^^^^^^^^^^^^
> 256 |     </>
      | ^^^^
  257 |   );
  258 | }
  259 |

Parsing ecmascript source code failed

Import trace:
  Server Component:
    ./src/components/shell/search-command.tsx
    ./src/components/shell/top-bar.tsx
    ./src/app/[locale]/(app)/layout.tsx @ http://localhost:3100/_next/static/chunks/node_modules_next_dist_1e8vcs8._.js:1052
[   38084ms] [ERROR] ./src/components/shell/search-command.tsx:255:23
Error: Expected '</', got 'jsx text'
  253 |           </CommandList>
  254 |         </Command>
> 255 |       </CommandDialog>
      |                       ^^^^^^^^^^^^^^^^^^^^^^^^^^^^^^^^^^^^^^^^^^^^^^^^^^^^^^^^^^^^^^^^^^^^^^
> 256 |     </>
      | ^^^^
  257 |   );
  258 | }
  259 |

Parsing ecmascript source code failed

Import trace:
  Server Component:
    ./src/components/shell/search-command.tsx
    ./src/components/shell/top-bar.tsx
    ./src/app/[locale]/(app)/layout.tsx @ http://localhost:3100/_next/static/chunks/node_modules_next_dist_1e8vcs8._.js:1052
[   38144ms] [ERROR] ./src/components/shell/search-command.tsx:255:23
Error: Expected '</', got 'jsx text'
  253 |           </CommandList>
  254 |         </Command>
> 255 |       </CommandDialog>
      |                       ^^^^^^^^^^^^^^^^^^^^^^^^^^^^^^^^^^^^^^^^^^^^^^^^^^^^^^^^^^^^^^^^^^^^^^
> 256 |     </>
      | ^^^^
  257 |   );
  258 | }
  259 |

Parsing ecmascript source code failed

Import trace:
  Server Component:
    ./src/components/shell/search-command.tsx
    ./src/components/shell/top-bar.tsx
    ./src/app/[locale]/(app)/layout.tsx @ http://localhost:3100/_next/static/chunks/node_modules_next_dist_1e8vcs8._.js:1052
[   38207ms] [ERROR] ./src/components/shell/search-command.tsx:255:23
Error: Expected '</', got 'jsx text'
  253 |           </CommandList>
  254 |         </Command>
> 255 |       </CommandDialog>
      |                       ^^^^^^^^^^^^^^^^^^^^^^^^^^^^^^^^^^^^^^^^^^^^^^^^^^^^^^^^^^^^^^^^^^^^^^
> 256 |     </>
      | ^^^^
  257 |   );
  258 | }
  259 |

Parsing ecmascript source code failed

Import trace:
  Server Component:
    ./src/components/shell/search-command.tsx
    ./src/components/shell/top-bar.tsx
    ./src/app/[locale]/(app)/layout.tsx @ http://localhost:3100/_next/static/chunks/node_modules_next_dist_1e8vcs8._.js:1052
[   38268ms] [ERROR] ./src/components/shell/search-command.tsx:255:23
Error: Expected '</', got 'jsx text'
  253 |           </CommandList>
  254 |         </Command>
> 255 |       </CommandDialog>
      |                       ^^^^^^^^^^^^^^^^^^^^^^^^^^^^^^^^^^^^^^^^^^^^^^^^^^^^^^^^^^^^^^^^^^^^^^
> 256 |     </>
      | ^^^^
  257 |   );
  258 | }
  259 |

Parsing ecmascript source code failed

Import trace:
  Server Component:
    ./src/components/shell/search-command.tsx
    ./src/components/shell/top-bar.tsx
    ./src/app/[locale]/(app)/layout.tsx @ http://localhost:3100/_next/static/chunks/node_modules_next_dist_1e8vcs8._.js:1052
[   38332ms] [ERROR] ./src/components/shell/search-command.tsx:255:23
Error: Expected '</', got 'jsx text'
  253 |           </CommandList>
  254 |         </Command>
> 255 |       </CommandDialog>
      |                       ^^^^^^^^^^^^^^^^^^^^^^^^^^^^^^^^^^^^^^^^^^^^^^^^^^^^^^^^^^^^^^^^^^^^^^
> 256 |     </>
      | ^^^^
  257 |   );
  258 | }
  259 |

Parsing ecmascript source code failed

Import trace:
  Server Component:
    ./src/components/shell/search-command.tsx
    ./src/components/shell/top-bar.tsx
    ./src/app/[locale]/(app)/layout.tsx @ http://localhost:3100/_next/static/chunks/node_modules_next_dist_1e8vcs8._.js:1052
[   38409ms] [ERROR] ./src/components/shell/search-command.tsx:255:23
Error: Expected '</', got 'jsx text'
  253 |           </CommandList>
  254 |         </Command>
> 255 |       </CommandDialog>
      |                       ^^^^^^^^^^^^^^^^^^^^^^^^^^^^^^^^^^^^^^^^^^^^^^^^^^^^^^^^^^^^^^^^^^^^^^
> 256 |     </>
      | ^^^^
  257 |   );
  258 | }
  259 |

Parsing ecmascript source code failed

Import trace:
  Server Component:
    ./src/components/shell/search-command.tsx
    ./src/components/shell/top-bar.tsx
    ./src/app/[locale]/(app)/layout.tsx @ http://localhost:3100/_next/static/chunks/node_modules_next_dist_1e8vcs8._.js:1052
[   38471ms] [ERROR] ./src/components/shell/search-command.tsx:255:23
Error: Expected '</', got 'jsx text'
  253 |           </CommandList>
  254 |         </Command>
> 255 |       </CommandDialog>
      |                       ^^^^^^^^^^^^^^^^^^^^^^^^^^^^^^^^^^^^^^^^^^^^^^^^^^^^^^^^^^^^^^^^^^^^^^
> 256 |     </>
      | ^^^^
  257 |   );
  258 | }
  259 |

Parsing ecmascript source code failed

Import trace:
  Server Component:
    ./src/components/shell/search-command.tsx
    ./src/components/shell/top-bar.tsx
    ./src/app/[locale]/(app)/layout.tsx @ http://localhost:3100/_next/static/chunks/node_modules_next_dist_1e8vcs8._.js:1052
[   38535ms] [ERROR] ./src/components/shell/search-command.tsx:255:23
Error: Expected '</', got 'jsx text'
  253 |           </CommandList>
  254 |         </Command>
> 255 |       </CommandDialog>
      |                       ^^^^^^^^^^^^^^^^^^^^^^^^^^^^^^^^^^^^^^^^^^^^^^^^^^^^^^^^^^^^^^^^^^^^^^
> 256 |     </>
      | ^^^^
  257 |   );
  258 | }
  259 |

Parsing ecmascript source code failed

Import trace:
  Server Component:
    ./src/components/shell/search-command.tsx
    ./src/components/shell/top-bar.tsx
    ./src/app/[locale]/(app)/layout.tsx @ http://localhost:3100/_next/static/chunks/node_modules_next_dist_1e8vcs8._.js:1052
[   38596ms] [ERROR] ./src/components/shell/search-command.tsx:255:23
Error: Expected '</', got 'jsx text'
  253 |           </CommandList>
  254 |         </Command>
> 255 |       </CommandDialog>
      |                       ^^^^^^^^^^^^^^^^^^^^^^^^^^^^^^^^^^^^^^^^^^^^^^^^^^^^^^^^^^^^^^^^^^^^^^
> 256 |     </>
      | ^^^^
  257 |   );
  258 | }
  259 |

Parsing ecmascript source code failed

Import trace:
  Server Component:
    ./src/components/shell/search-command.tsx
    ./src/components/shell/top-bar.tsx
    ./src/app/[locale]/(app)/layout.tsx @ http://localhost:3100/_next/static/chunks/node_modules_next_dist_1e8vcs8._.js:1052
[   38659ms] [ERROR] ./src/components/shell/search-command.tsx:255:23
Error: Expected '</', got 'jsx text'
  253 |           </CommandList>
  254 |         </Command>
> 255 |       </CommandDialog>
      |                       ^^^^^^^^^^^^^^^^^^^^^^^^^^^^^^^^^^^^^^^^^^^^^^^^^^^^^^^^^^^^^^^^^^^^^^
> 256 |     </>
      | ^^^^
  257 |   );
  258 | }
  259 |

Parsing ecmascript source code failed

Import trace:
  Server Component:
    ./src/components/shell/search-command.tsx
    ./src/components/shell/top-bar.tsx
    ./src/app/[locale]/(app)/layout.tsx @ http://localhost:3100/_next/static/chunks/node_modules_next_dist_1e8vcs8._.js:1052
[   38721ms] [ERROR] ./src/components/shell/search-command.tsx:255:23
Error: Expected '</', got 'jsx text'
  253 |           </CommandList>
  254 |         </Command>
> 255 |       </CommandDialog>
      |                       ^^^^^^^^^^^^^^^^^^^^^^^^^^^^^^^^^^^^^^^^^^^^^^^^^^^^^^^^^^^^^^^^^^^^^^
> 256 |     </>
      | ^^^^
  257 |   );
  258 | }
  259 |

Parsing ecmascript source code failed

Import trace:
  Server Component:
    ./src/components/shell/search-command.tsx
    ./src/components/shell/top-bar.tsx
    ./src/app/[locale]/(app)/layout.tsx @ http://localhost:3100/_next/static/chunks/node_modules_next_dist_1e8vcs8._.js:1052
[   38783ms] [ERROR] ./src/components/shell/search-command.tsx:255:23
Error: Expected '</', got 'jsx text'
  253 |           </CommandList>
  254 |         </Command>
> 255 |       </CommandDialog>
      |                       ^^^^^^^^^^^^^^^^^^^^^^^^^^^^^^^^^^^^^^^^^^^^^^^^^^^^^^^^^^^^^^^^^^^^^^
> 256 |     </>
      | ^^^^
  257 |   );
  258 | }
  259 |

Parsing ecmascript source code failed

Import trace:
  Server Component:
    ./src/components/shell/search-command.tsx
    ./src/components/shell/top-bar.tsx
    ./src/app/[locale]/(app)/layout.tsx @ http://localhost:3100/_next/static/chunks/node_modules_next_dist_1e8vcs8._.js:1052
[   38845ms] [ERROR] ./src/components/shell/search-command.tsx:255:23
Error: Expected '</', got 'jsx text'
  253 |           </CommandList>
  254 |         </Command>
> 255 |       </CommandDialog>
      |                       ^^^^^^^^^^^^^^^^^^^^^^^^^^^^^^^^^^^^^^^^^^^^^^^^^^^^^^^^^^^^^^^^^^^^^^
> 256 |     </>
      | ^^^^
  257 |   );
  258 | }
  259 |

Parsing ecmascript source code failed

Import trace:
  Server Component:
    ./src/components/shell/search-command.tsx
    ./src/components/shell/top-bar.tsx
    ./src/app/[locale]/(app)/layout.tsx @ http://localhost:3100/_next/static/chunks/node_modules_next_dist_1e8vcs8._.js:1052
[   38910ms] [ERROR] ./src/components/shell/search-command.tsx:255:23
Error: Expected '</', got 'jsx text'
  253 |           </CommandList>
  254 |         </Command>
> 255 |       </CommandDialog>
      |                       ^^^^^^^^^^^^^^^^^^^^^^^^^^^^^^^^^^^^^^^^^^^^^^^^^^^^^^^^^^^^^^^^^^^^^^
> 256 |     </>
      | ^^^^
  257 |   );
  258 | }
  259 |

Parsing ecmascript source code failed

Import trace:
  Server Component:
    ./src/components/shell/search-command.tsx
    ./src/components/shell/top-bar.tsx
    ./src/app/[locale]/(app)/layout.tsx @ http://localhost:3100/_next/static/chunks/node_modules_next_dist_1e8vcs8._.js:1052
[   38969ms] [ERROR] ./src/components/shell/search-command.tsx:255:23
Error: Expected '</', got 'jsx text'
  253 |           </CommandList>
  254 |         </Command>
> 255 |       </CommandDialog>
      |                       ^^^^^^^^^^^^^^^^^^^^^^^^^^^^^^^^^^^^^^^^^^^^^^^^^^^^^^^^^^^^^^^^^^^^^^
> 256 |     </>
      | ^^^^
  257 |   );
  258 | }
  259 |

Parsing ecmascript source code failed

Import trace:
  Server Component:
    ./src/components/shell/search-command.tsx
    ./src/components/shell/top-bar.tsx
    ./src/app/[locale]/(app)/layout.tsx @ http://localhost:3100/_next/static/chunks/node_modules_next_dist_1e8vcs8._.js:1052
[   39032ms] [ERROR] ./src/components/shell/search-command.tsx:255:23
Error: Expected '</', got 'jsx text'
  253 |           </CommandList>
  254 |         </Command>
> 255 |       </CommandDialog>
      |                       ^^^^^^^^^^^^^^^^^^^^^^^^^^^^^^^^^^^^^^^^^^^^^^^^^^^^^^^^^^^^^^^^^^^^^^
> 256 |     </>
      | ^^^^
  257 |   );
  258 | }
  259 |

Parsing ecmascript source code failed

Import trace:
  Server Component:
    ./src/components/shell/search-command.tsx
    ./src/components/shell/top-bar.tsx
    ./src/app/[locale]/(app)/layout.tsx @ http://localhost:3100/_next/static/chunks/node_modules_next_dist_1e8vcs8._.js:1052
[   39094ms] [ERROR] ./src/components/shell/search-command.tsx:255:23
Error: Expected '</', got 'jsx text'
  253 |           </CommandList>
  254 |         </Command>
> 255 |       </CommandDialog>
      |                       ^^^^^^^^^^^^^^^^^^^^^^^^^^^^^^^^^^^^^^^^^^^^^^^^^^^^^^^^^^^^^^^^^^^^^^
> 256 |     </>
      | ^^^^
  257 |   );
  258 | }
  259 |

Parsing ecmascript source code failed

Import trace:
  Server Component:
    ./src/components/shell/search-command.tsx
    ./src/components/shell/top-bar.tsx
    ./src/app/[locale]/(app)/layout.tsx @ http://localhost:3100/_next/static/chunks/node_modules_next_dist_1e8vcs8._.js:1052
[   39157ms] [ERROR] ./src/components/shell/search-command.tsx:255:23
Error: Expected '</', got 'jsx text'
  253 |           </CommandList>
  254 |         </Command>
> 255 |       </CommandDialog>
      |                       ^^^^^^^^^^^^^^^^^^^^^^^^^^^^^^^^^^^^^^^^^^^^^^^^^^^^^^^^^^^^^^^^^^^^^^
> 256 |     </>
      | ^^^^
  257 |   );
  258 | }
  259 |

Parsing ecmascript source code failed

Import trace:
  Server Component:
    ./src/components/shell/search-command.tsx
    ./src/components/shell/top-bar.tsx
    ./src/app/[locale]/(app)/layout.tsx @ http://localhost:3100/_next/static/chunks/node_modules_next_dist_1e8vcs8._.js:1052
[   39219ms] [ERROR] ./src/components/shell/search-command.tsx:255:23
Error: Expected '</', got 'jsx text'
  253 |           </CommandList>
  254 |         </Command>
> 255 |       </CommandDialog>
      |                       ^^^^^^^^^^^^^^^^^^^^^^^^^^^^^^^^^^^^^^^^^^^^^^^^^^^^^^^^^^^^^^^^^^^^^^
> 256 |     </>
      | ^^^^
  257 |   );
  258 | }
  259 |

Parsing ecmascript source code failed

Import trace:
  Server Component:
    ./src/components/shell/search-command.tsx
    ./src/components/shell/top-bar.tsx
    ./src/app/[locale]/(app)/layout.tsx @ http://localhost:3100/_next/static/chunks/node_modules_next_dist_1e8vcs8._.js:1052
[   39280ms] [ERROR] ./src/components/shell/search-command.tsx:255:23
Error: Expected '</', got 'jsx text'
  253 |           </CommandList>
  254 |         </Command>
> 255 |       </CommandDialog>
      |                       ^^^^^^^^^^^^^^^^^^^^^^^^^^^^^^^^^^^^^^^^^^^^^^^^^^^^^^^^^^^^^^^^^^^^^^
> 256 |     </>
      | ^^^^
  257 |   );
  258 | }
  259 |

Parsing ecmascript source code failed

Import trace:
  Server Component:
    ./src/components/shell/search-command.tsx
    ./src/components/shell/top-bar.tsx
    ./src/app/[locale]/(app)/layout.tsx @ http://localhost:3100/_next/static/chunks/node_modules_next_dist_1e8vcs8._.js:1052
[   39342ms] [ERROR] ./src/components/shell/search-command.tsx:255:23
Error: Expected '</', got 'jsx text'
  253 |           </CommandList>
  254 |         </Command>
> 255 |       </CommandDialog>
      |                       ^^^^^^^^^^^^^^^^^^^^^^^^^^^^^^^^^^^^^^^^^^^^^^^^^^^^^^^^^^^^^^^^^^^^^^
> 256 |     </>
      | ^^^^
  257 |   );
  258 | }
  259 |

Parsing ecmascript source code failed

Import trace:
  Server Component:
    ./src/components/shell/search-command.tsx
    ./src/components/shell/top-bar.tsx
    ./src/app/[locale]/(app)/layout.tsx @ http://localhost:3100/_next/static/chunks/node_modules_next_dist_1e8vcs8._.js:1052
[   39392ms] [ERROR] ./src/components/shell/search-command.tsx:255:23
Error: Expected '</', got 'jsx text'
  253 |           </CommandList>
  254 |         </Command>
> 255 |       </CommandDialog>
      |                       ^^^^^^^^^^^^^^^^^^^^^^^^^^^^^^^^^^^^^^^^^^^^^^^^^^^^^^^^^^^^^^^^^^^^^^
> 256 |     </>
      | ^^^^
  257 |   );
  258 | }
  259 |

Parsing ecmascript source code failed

Import trace:
  Server Component:
    ./src/components/shell/search-command.tsx
    ./src/components/shell/top-bar.tsx
    ./src/app/[locale]/(app)/layout.tsx @ http://localhost:3100/_next/static/chunks/node_modules_next_dist_1e8vcs8._.js:1052
[   39450ms] [ERROR] ./src/components/shell/search-command.tsx:255:23
Error: Expected '</', got 'jsx text'
  253 |           </CommandList>
  254 |         </Command>
> 255 |       </CommandDialog>
      |                       ^^^^^^^^^^^^^^^^^^^^^^^^^^^^^^^^^^^^^^^^^^^^^^^^^^^^^^^^^^^^^^^^^^^^^^
> 256 |     </>
      | ^^^^
  257 |   );
  258 | }
  259 |

Parsing ecmascript source code failed

Import trace:
  Server Component:
    ./src/components/shell/search-command.tsx
    ./src/components/shell/top-bar.tsx
    ./src/app/[locale]/(app)/layout.tsx @ http://localhost:3100/_next/static/chunks/node_modules_next_dist_1e8vcs8._.js:1052
[   39512ms] [ERROR] ./src/components/shell/search-command.tsx:255:23
Error: Expected '</', got 'jsx text'
  253 |           </CommandList>
  254 |         </Command>
> 255 |       </CommandDialog>
      |                       ^^^^^^^^^^^^^^^^^^^^^^^^^^^^^^^^^^^^^^^^^^^^^^^^^^^^^^^^^^^^^^^^^^^^^^
> 256 |     </>
      | ^^^^
  257 |   );
  258 | }
  259 |

Parsing ecmascript source code failed

Import trace:
  Server Component:
    ./src/components/shell/search-command.tsx
    ./src/components/shell/top-bar.tsx
    ./src/app/[locale]/(app)/layout.tsx @ http://localhost:3100/_next/static/chunks/node_modules_next_dist_1e8vcs8._.js:1052
[   39575ms] [ERROR] ./src/components/shell/search-command.tsx:255:23
Error: Expected '</', got 'jsx text'
  253 |           </CommandList>
  254 |         </Command>
> 255 |       </CommandDialog>
      |                       ^^^^^^^^^^^^^^^^^^^^^^^^^^^^^^^^^^^^^^^^^^^^^^^^^^^^^^^^^^^^^^^^^^^^^^
> 256 |     </>
      | ^^^^
  257 |   );
  258 | }
  259 |

Parsing ecmascript source code failed

Import trace:
  Server Component:
    ./src/components/shell/search-command.tsx
    ./src/components/shell/top-bar.tsx
    ./src/app/[locale]/(app)/layout.tsx @ http://localhost:3100/_next/static/chunks/node_modules_next_dist_1e8vcs8._.js:1052
[   39638ms] [ERROR] ./src/components/shell/search-command.tsx:255:23
Error: Expected '</', got 'jsx text'
  253 |           </CommandList>
  254 |         </Command>
> 255 |       </CommandDialog>
      |                       ^^^^^^^^^^^^^^^^^^^^^^^^^^^^^^^^^^^^^^^^^^^^^^^^^^^^^^^^^^^^^^^^^^^^^^
> 256 |     </>
      | ^^^^
  257 |   );
  258 | }
  259 |

Parsing ecmascript source code failed

Import trace:
  Server Component:
    ./src/components/shell/search-command.tsx
    ./src/components/shell/top-bar.tsx
    ./src/app/[locale]/(app)/layout.tsx @ http://localhost:3100/_next/static/chunks/node_modules_next_dist_1e8vcs8._.js:1052
[   39702ms] [ERROR] ./src/components/shell/search-command.tsx:255:23
Error: Expected '</', got 'jsx text'
  253 |           </CommandList>
  254 |         </Command>
> 255 |       </CommandDialog>
      |                       ^^^^^^^^^^^^^^^^^^^^^^^^^^^^^^^^^^^^^^^^^^^^^^^^^^^^^^^^^^^^^^^^^^^^^^
> 256 |     </>
      | ^^^^
  257 |   );
  258 | }
  259 |

Parsing ecmascript source code failed

Import trace:
  Server Component:
    ./src/components/shell/search-command.tsx
    ./src/components/shell/top-bar.tsx
    ./src/app/[locale]/(app)/layout.tsx @ http://localhost:3100/_next/static/chunks/node_modules_next_dist_1e8vcs8._.js:1052
[   39763ms] [ERROR] ./src/components/shell/search-command.tsx:255:23
Error: Expected '</', got 'jsx text'
  253 |           </CommandList>
  254 |         </Command>
> 255 |       </CommandDialog>
      |                       ^^^^^^^^^^^^^^^^^^^^^^^^^^^^^^^^^^^^^^^^^^^^^^^^^^^^^^^^^^^^^^^^^^^^^^
> 256 |     </>
      | ^^^^
  257 |   );
  258 | }
  259 |

Parsing ecmascript source code failed

Import trace:
  Server Component:
    ./src/components/shell/search-command.tsx
    ./src/components/shell/top-bar.tsx
    ./src/app/[locale]/(app)/layout.tsx @ http://localhost:3100/_next/static/chunks/node_modules_next_dist_1e8vcs8._.js:1052
[   39827ms] [ERROR] ./src/components/shell/search-command.tsx:255:23
Error: Expected '</', got 'jsx text'
  253 |           </CommandList>
  254 |         </Command>
> 255 |       </CommandDialog>
      |                       ^^^^^^^^^^^^^^^^^^^^^^^^^^^^^^^^^^^^^^^^^^^^^^^^^^^^^^^^^^^^^^^^^^^^^^
> 256 |     </>
      | ^^^^
  257 |   );
  258 | }
  259 |

Parsing ecmascript source code failed

Import trace:
  Server Component:
    ./src/components/shell/search-command.tsx
    ./src/components/shell/top-bar.tsx
    ./src/app/[locale]/(app)/layout.tsx @ http://localhost:3100/_next/static/chunks/node_modules_next_dist_1e8vcs8._.js:1052
[   39888ms] [ERROR] ./src/components/shell/search-command.tsx:255:23
Error: Expected '</', got 'jsx text'
  253 |           </CommandList>
  254 |         </Command>
> 255 |       </CommandDialog>
      |                       ^^^^^^^^^^^^^^^^^^^^^^^^^^^^^^^^^^^^^^^^^^^^^^^^^^^^^^^^^^^^^^^^^^^^^^
> 256 |     </>
      | ^^^^
  257 |   );
  258 | }
  259 |

Parsing ecmascript source code failed

Import trace:
  Server Component:
    ./src/components/shell/search-command.tsx
    ./src/components/shell/top-bar.tsx
    ./src/app/[locale]/(app)/layout.tsx @ http://localhost:3100/_next/static/chunks/node_modules_next_dist_1e8vcs8._.js:1052
[   39950ms] [ERROR] ./src/components/shell/search-command.tsx:255:23
Error: Expected '</', got 'jsx text'
  253 |           </CommandList>
  254 |         </Command>
> 255 |       </CommandDialog>
      |                       ^^^^^^^^^^^^^^^^^^^^^^^^^^^^^^^^^^^^^^^^^^^^^^^^^^^^^^^^^^^^^^^^^^^^^^
> 256 |     </>
      | ^^^^
  257 |   );
  258 | }
  259 |

Parsing ecmascript source code failed

Import trace:
  Server Component:
    ./src/components/shell/search-command.tsx
    ./src/components/shell/top-bar.tsx
    ./src/app/[locale]/(app)/layout.tsx @ http://localhost:3100/_next/static/chunks/node_modules_next_dist_1e8vcs8._.js:1052
[   40014ms] [ERROR] ./src/components/shell/search-command.tsx:255:23
Error: Expected '</', got 'jsx text'
  253 |           </CommandList>
  254 |         </Command>
> 255 |       </CommandDialog>
      |                       ^^^^^^^^^^^^^^^^^^^^^^^^^^^^^^^^^^^^^^^^^^^^^^^^^^^^^^^^^^^^^^^^^^^^^^
> 256 |     </>
      | ^^^^
  257 |   );
  258 | }
  259 |

Parsing ecmascript source code failed

Import trace:
  Server Component:
    ./src/components/shell/search-command.tsx
    ./src/components/shell/top-bar.tsx
    ./src/app/[locale]/(app)/layout.tsx @ http://localhost:3100/_next/static/chunks/node_modules_next_dist_1e8vcs8._.js:1052
[   40074ms] [ERROR] ./src/components/shell/search-command.tsx:255:23
Error: Expected '</', got 'jsx text'
  253 |           </CommandList>
  254 |         </Command>
> 255 |       </CommandDialog>
      |                       ^^^^^^^^^^^^^^^^^^^^^^^^^^^^^^^^^^^^^^^^^^^^^^^^^^^^^^^^^^^^^^^^^^^^^^
> 256 |     </>
      | ^^^^
  257 |   );
  258 | }
  259 |

Parsing ecmascript source code failed

Import trace:
  Server Component:
    ./src/components/shell/search-command.tsx
    ./src/components/shell/top-bar.tsx
    ./src/app/[locale]/(app)/layout.tsx @ http://localhost:3100/_next/static/chunks/node_modules_next_dist_1e8vcs8._.js:1052
[   40137ms] [ERROR] ./src/components/shell/search-command.tsx:255:23
Error: Expected '</', got 'jsx text'
  253 |           </CommandList>
  254 |         </Command>
> 255 |       </CommandDialog>
      |                       ^^^^^^^^^^^^^^^^^^^^^^^^^^^^^^^^^^^^^^^^^^^^^^^^^^^^^^^^^^^^^^^^^^^^^^
> 256 |     </>
      | ^^^^
  257 |   );
  258 | }
  259 |

Parsing ecmascript source code failed

Import trace:
  Server Component:
    ./src/components/shell/search-command.tsx
    ./src/components/shell/top-bar.tsx
    ./src/app/[locale]/(app)/layout.tsx @ http://localhost:3100/_next/static/chunks/node_modules_next_dist_1e8vcs8._.js:1052
[   40199ms] [ERROR] ./src/components/shell/search-command.tsx:255:23
Error: Expected '</', got 'jsx text'
  253 |           </CommandList>
  254 |         </Command>
> 255 |       </CommandDialog>
      |                       ^^^^^^^^^^^^^^^^^^^^^^^^^^^^^^^^^^^^^^^^^^^^^^^^^^^^^^^^^^^^^^^^^^^^^^
> 256 |     </>
      | ^^^^
  257 |   );
  258 | }
  259 |

Parsing ecmascript source code failed

Import trace:
  Server Component:
    ./src/components/shell/search-command.tsx
    ./src/components/shell/top-bar.tsx
    ./src/app/[locale]/(app)/layout.tsx @ http://localhost:3100/_next/static/chunks/node_modules_next_dist_1e8vcs8._.js:1052
[   40262ms] [ERROR] ./src/components/shell/search-command.tsx:255:23
Error: Expected '</', got 'jsx text'
  253 |           </CommandList>
  254 |         </Command>
> 255 |       </CommandDialog>
      |                       ^^^^^^^^^^^^^^^^^^^^^^^^^^^^^^^^^^^^^^^^^^^^^^^^^^^^^^^^^^^^^^^^^^^^^^
> 256 |     </>
      | ^^^^
  257 |   );
  258 | }
  259 |

Parsing ecmascript source code failed

Import trace:
  Server Component:
    ./src/components/shell/search-command.tsx
    ./src/components/shell/top-bar.tsx
    ./src/app/[locale]/(app)/layout.tsx @ http://localhost:3100/_next/static/chunks/node_modules_next_dist_1e8vcs8._.js:1052
[   40324ms] [ERROR] ./src/components/shell/search-command.tsx:255:23
Error: Expected '</', got 'jsx text'
  253 |           </CommandList>
  254 |         </Command>
> 255 |       </CommandDialog>
      |                       ^^^^^^^^^^^^^^^^^^^^^^^^^^^^^^^^^^^^^^^^^^^^^^^^^^^^^^^^^^^^^^^^^^^^^^
> 256 |     </>
      | ^^^^
  257 |   );
  258 | }
  259 |

Parsing ecmascript source code failed

Import trace:
  Server Component:
    ./src/components/shell/search-command.tsx
    ./src/components/shell/top-bar.tsx
    ./src/app/[locale]/(app)/layout.tsx @ http://localhost:3100/_next/static/chunks/node_modules_next_dist_1e8vcs8._.js:1052
[   40385ms] [ERROR] ./src/components/shell/search-command.tsx:255:23
Error: Expected '</', got 'jsx text'
  253 |           </CommandList>
  254 |         </Command>
> 255 |       </CommandDialog>
      |                       ^^^^^^^^^^^^^^^^^^^^^^^^^^^^^^^^^^^^^^^^^^^^^^^^^^^^^^^^^^^^^^^^^^^^^^
> 256 |     </>
      | ^^^^
  257 |   );
  258 | }
  259 |

Parsing ecmascript source code failed

Import trace:
  Server Component:
    ./src/components/shell/search-command.tsx
    ./src/components/shell/top-bar.tsx
    ./src/app/[locale]/(app)/layout.tsx @ http://localhost:3100/_next/static/chunks/node_modules_next_dist_1e8vcs8._.js:1052
[   40449ms] [ERROR] ./src/components/shell/search-command.tsx:255:23
Error: Expected '</', got 'jsx text'
  253 |           </CommandList>
  254 |         </Command>
> 255 |       </CommandDialog>
      |                       ^^^^^^^^^^^^^^^^^^^^^^^^^^^^^^^^^^^^^^^^^^^^^^^^^^^^^^^^^^^^^^^^^^^^^^
> 256 |     </>
      | ^^^^
  257 |   );
  258 | }
  259 |

Parsing ecmascript source code failed

Import trace:
  Server Component:
    ./src/components/shell/search-command.tsx
    ./src/components/shell/top-bar.tsx
    ./src/app/[locale]/(app)/layout.tsx @ http://localhost:3100/_next/static/chunks/node_modules_next_dist_1e8vcs8._.js:1052
[   40612ms] [LOG] [Fast Refresh] rebuilding @ http://localhost:3100/_next/static/chunks/node_modules_next_dist_1e8vcs8._.js:776
[   40612ms] [WARNING] [Fast Refresh] performing full reload because your application had an unrecoverable error @ http://localhost:3100/_next/static/chunks/node_modules_next_dist_1e8vcs8._.js:776
[   40616ms] [LOG] [Fast Refresh] done in 7ms @ http://localhost:3100/_next/static/chunks/node_modules_next_dist_1e8vcs8._.js:776
[   40667ms] [LOG] [Fast Refresh] done in 7ms @ http://localhost:3100/_next/static/chunks/node_modules_next_dist_1e8vcs8._.js:776
[   40729ms] [INFO] %cDownload the React DevTools for a better development experience: https://react.dev/link/react-devtools font-weight:bold @ http://localhost:3100/_next/static/chunks/node_modules_next_dist_1e8vcs8._.js:776
[   40739ms] [LOG] [HMR] connected @ http://localhost:3100/_next/static/chunks/node_modules_next_dist_1e8vcs8._.js:776
[   42209ms] [INFO] %cDownload the React DevTools for a better development experience: https://react.dev/link/react-devtools font-weight:bold @ http://localhost:3100/_next/static/chunks/node_modules_next_dist_1e8vcs8._.js:776
[   42219ms] [LOG] [HMR] connected @ http://localhost:3100/_next/static/chunks/node_modules_next_dist_1e8vcs8._.js:776
