[     179ms] [INFO] %cDownload the React DevTools for a better development experience: https://react.dev/link/react-devtools font-weight:bold @ http://localhost:3100/_next/static/chunks/node_modules_next_dist_1e8vcs8._.js:776
[     233ms] [LOG] [HMR] connected @ http://localhost:3100/_next/static/chunks/node_modules_next_dist_1e8vcs8._.js:776
[    8388ms] [INFO] %cDownload the React DevTools for a better development experience: https://react.dev/link/react-devtools font-weight:bold @ http://localhost:3100/_next/static/chunks/node_modules_next_dist_1e8vcs8._.js:776
[    8402ms] [LOG] [HMR] connected @ http://localhost:3100/_next/static/chunks/node_modules_next_dist_1e8vcs8._.js:776
[   28611ms] [LOG] [Fast Refresh] done in 4152ms @ http://localhost:3100/_next/static/chunks/node_modules_next_dist_1e8vcs8._.js:776
[   28672ms] [LOG] [Fast Refresh] done in 4152ms @ http://localhost:3100/_next/static/chunks/node_modules_next_dist_1e8vcs8._.js:776
[   28720ms] [LOG] [Fast Refresh] done in 4152ms @ http://localhost:3100/_next/static/chunks/node_modules_next_dist_1e8vcs8._.js:776
[   28783ms] [LOG] [Fast Refresh] done in 4152ms @ http://localhost:3100/_next/static/chunks/node_modules_next_dist_1e8vcs8._.js:776
[   28845ms] [LOG] [Fast Refresh] done in 4152ms @ http://localhost:3100/_next/static/chunks/node_modules_next_dist_1e8vcs8._.js:776
[   28908ms] [LOG] [Fast Refresh] done in 4152ms @ http://localhost:3100/_next/static/chunks/node_modules_next_dist_1e8vcs8._.js:776
[   28970ms] [LOG] [Fast Refresh] done in 4152ms @ http://localhost:3100/_next/static/chunks/node_modules_next_dist_1e8vcs8._.js:776
[   29032ms] [LOG] [Fast Refresh] done in 4152ms @ http://localhost:3100/_next/static/chunks/node_modules_next_dist_1e8vcs8._.js:776
[   29094ms] [LOG] [Fast Refresh] done in 4152ms @ http://localhost:3100/_next/static/chunks/node_modules_next_dist_1e8vcs8._.js:776
[   29157ms] [LOG] [Fast Refresh] done in 4152ms @ http://localhost:3100/_next/static/chunks/node_modules_next_dist_1e8vcs8._.js:776
[   29219ms] [LOG] [Fast Refresh] done in 4152ms @ http://localhost:3100/_next/static/chunks/node_modules_next_dist_1e8vcs8._.js:776
[   29282ms] [LOG] [Fast Refresh] done in 4152ms @ http://localhost:3100/_next/static/chunks/node_modules_next_dist_1e8vcs8._.js:776
[   29344ms] [LOG] [Fast Refresh] done in 4152ms @ http://localhost:3100/_next/static/chunks/node_modules_next_dist_1e8vcs8._.js:776
[   29408ms] [LOG] [Fast Refresh] done in 4152ms @ http://localhost:3100/_next/static/chunks/node_modules_next_dist_1e8vcs8._.js:776
[   29488ms] [LOG] [Fast Refresh] done in 4152ms @ http://localhost:3100/_next/static/chunks/node_modules_next_dist_1e8vcs8._.js:776
[   29546ms] [LOG] [Fast Refresh] done in 4152ms @ http://localhost:3100/_next/static/chunks/node_modules_next_dist_1e8vcs8._.js:776
[   29640ms] [LOG] [Fast Refresh] done in 4152ms @ http://localhost:3100/_next/static/chunks/node_modules_next_dist_1e8vcs8._.js:776
[   29716ms] [LOG] [Fast Refresh] done in 4152ms @ http://localhost:3100/_next/static/chunks/node_modules_next_dist_1e8vcs8._.js:776
[   29779ms] [LOG] [Fast Refresh] done in 4152ms @ http://localhost:3100/_next/static/chunks/node_modules_next_dist_1e8vcs8._.js:776
[   29841ms] [LOG] [Fast Refresh] done in 4152ms @ http://localhost:3100/_next/static/chunks/node_modules_next_dist_1e8vcs8._.js:776
[   29904ms] [LOG] [Fast Refresh] done in 4152ms @ http://localhost:3100/_next/static/chunks/node_modules_next_dist_1e8vcs8._.js:776
[   29968ms] [LOG] [Fast Refresh] done in 4152ms @ http://localhost:3100/_next/static/chunks/node_modules_next_dist_1e8vcs8._.js:776
[   30030ms] [LOG] [Fast Refresh] done in 4152ms @ http://localhost:3100/_next/static/chunks/node_modules_next_dist_1e8vcs8._.js:776
[   30093ms] [LOG] [Fast Refresh] done in 4152ms @ http://localhost:3100/_next/static/chunks/node_modules_next_dist_1e8vcs8._.js:776
[   30156ms] [LOG] [Fast Refresh] done in 4152ms @ http://localhost:3100/_next/static/chunks/node_modules_next_dist_1e8vcs8._.js:776
[   30203ms] [LOG] [Fast Refresh] done in 4152ms @ http://localhost:3100/_next/static/chunks/node_modules_next_dist_1e8vcs8._.js:776
[   30265ms] [LOG] [Fast Refresh] done in 4152ms @ http://localhost:3100/_next/static/chunks/node_modules_next_dist_1e8vcs8._.js:776
[   30328ms] [LOG] [Fast Refresh] done in 4152ms @ http://localhost:3100/_next/static/chunks/node_modules_next_dist_1e8vcs8._.js:776
[   30376ms] [LOG] [Fast Refresh] done in 4152ms @ http://localhost:3100/_next/static/chunks/node_modules_next_dist_1e8vcs8._.js:776
[   30437ms] [LOG] [Fast Refresh] done in 4152ms @ http://localhost:3100/_next/static/chunks/node_modules_next_dist_1e8vcs8._.js:776
[   30499ms] [LOG] [Fast Refresh] done in 4152ms @ http://localhost:3100/_next/static/chunks/node_modules_next_dist_1e8vcs8._.js:776
[   30561ms] [LOG] [Fast Refresh] done in 4152ms @ http://localhost:3100/_next/static/chunks/node_modules_next_dist_1e8vcs8._.js:776
[   30624ms] [LOG] [Fast Refresh] done in 4152ms @ http://localhost:3100/_next/static/chunks/node_modules_next_dist_1e8vcs8._.js:776
[   30686ms] [LOG] [Fast Refresh] done in 4152ms @ http://localhost:3100/_next/static/chunks/node_modules_next_dist_1e8vcs8._.js:776
[   30750ms] [LOG] [Fast Refresh] done in 4152ms @ http://localhost:3100/_next/static/chunks/node_modules_next_dist_1e8vcs8._.js:776
[   30812ms] [LOG] [Fast Refresh] done in 4152ms @ http://localhost:3100/_next/static/chunks/node_modules_next_dist_1e8vcs8._.js:776
[   30874ms] [LOG] [Fast Refresh] done in 4152ms @ http://localhost:3100/_next/static/chunks/node_modules_next_dist_1e8vcs8._.js:776
[   30937ms] [LOG] [Fast Refresh] done in 4152ms @ http://localhost:3100/_next/static/chunks/node_modules_next_dist_1e8vcs8._.js:776
[   31000ms] [LOG] [Fast Refresh] done in 4152ms @ http://localhost:3100/_next/static/chunks/node_modules_next_dist_1e8vcs8._.js:776
[   31061ms] [LOG] [Fast Refresh] done in 4152ms @ http://localhost:3100/_next/static/chunks/node_modules_next_dist_1e8vcs8._.js:776
[   31124ms] [LOG] [Fast Refresh] done in 4152ms @ http://localhost:3100/_next/static/chunks/node_modules_next_dist_1e8vcs8._.js:776
[   31186ms] [LOG] [Fast Refresh] done in 4152ms @ http://localhost:3100/_next/static/chunks/node_modules_next_dist_1e8vcs8._.js:776
[   31248ms] [LOG] [Fast Refresh] done in 4152ms @ http://localhost:3100/_next/static/chunks/node_modules_next_dist_1e8vcs8._.js:776
[   31311ms] [LOG] [Fast Refresh] done in 4152ms @ http://localhost:3100/_next/static/chunks/node_modules_next_dist_1e8vcs8._.js:776
[   31374ms] [LOG] [Fast Refresh] done in 4152ms @ http://localhost:3100/_next/static/chunks/node_modules_next_dist_1e8vcs8._.js:776
[   31438ms] [LOG] [Fast Refresh] done in 4152ms @ http://localhost:3100/_next/static/chunks/node_modules_next_dist_1e8vcs8._.js:776
[   31499ms] [LOG] [Fast Refresh] done in 4152ms @ http://localhost:3100/_next/static/chunks/node_modules_next_dist_1e8vcs8._.js:776
[   31563ms] [LOG] [Fast Refresh] done in 4152ms @ http://localhost:3100/_next/static/chunks/node_modules_next_dist_1e8vcs8._.js:776
[   31625ms] [LOG] [Fast Refresh] done in 4152ms @ http://localhost:3100/_next/static/chunks/node_modules_next_dist_1e8vcs8._.js:776
[   31688ms] [LOG] [Fast Refresh] done in 4152ms @ http://localhost:3100/_next/static/chunks/node_modules_next_dist_1e8vcs8._.js:776
[   31751ms] [LOG] [Fast Refresh] done in 4152ms @ http://localhost:3100/_next/static/chunks/node_modules_next_dist_1e8vcs8._.js:776
[   31813ms] [LOG] [Fast Refresh] done in 4152ms @ http://localhost:3100/_next/static/chunks/node_modules_next_dist_1e8vcs8._.js:776
[   31876ms] [LOG] [Fast Refresh] done in 4152ms @ http://localhost:3100/_next/static/chunks/node_modules_next_dist_1e8vcs8._.js:776
[   31923ms] [LOG] [Fast Refresh] done in 4152ms @ http://localhost:3100/_next/static/chunks/node_modules_next_dist_1e8vcs8._.js:776
[   31984ms] [LOG] [Fast Refresh] done in 4152ms @ http://localhost:3100/_next/static/chunks/node_modules_next_dist_1e8vcs8._.js:776
[   32045ms] [LOG] [Fast Refresh] done in 4152ms @ http://localhost:3100/_next/static/chunks/node_modules_next_dist_1e8vcs8._.js:776
[   32107ms] [LOG] [Fast Refresh] done in 4152ms @ http://localhost:3100/_next/static/chunks/node_modules_next_dist_1e8vcs8._.js:776
[   32170ms] [LOG] [Fast Refresh] done in 4152ms @ http://localhost:3100/_next/static/chunks/node_modules_next_dist_1e8vcs8._.js:776
[   32231ms] [LOG] [Fast Refresh] done in 4152ms @ http://localhost:3100/_next/static/chunks/node_modules_next_dist_1e8vcs8._.js:776
[   32307ms] [INFO] %cDownload the React DevTools for a better development experience: https://react.dev/link/react-devtools font-weight:bold @ http://localhost:3100/_next/static/chunks/node_modules_next_dist_1e8vcs8._.js:776
[   32318ms] [LOG] [HMR] connected @ http://localhost:3100/_next/static/chunks/node_modules_next_dist_1e8vcs8._.js:776
[   32695ms] [LOG] [Fast Refresh] rebuilding @ http://localhost:3100/_next/static/chunks/node_modules_next_dist_1e8vcs8._.js:776
[   32748ms] [LOG] [Fast Refresh] done in 5ms @ http://localhost:3100/_next/static/chunks/node_modules_next_dist_1e8vcs8._.js:776
[   32809ms] [LOG] [Fast Refresh] done in 5ms @ http://localhost:3100/_next/static/chunks/node_modules_next_dist_1e8vcs8._.js:776
[   32871ms] [LOG] [Fast Refresh] done in 5ms @ http://localhost:3100/_next/static/chunks/node_modules_next_dist_1e8vcs8._.js:776
[   32933ms] [LOG] [Fast Refresh] done in 5ms @ http://localhost:3100/_next/static/chunks/node_modules_next_dist_1e8vcs8._.js:776
[   32980ms] [LOG] [Fast Refresh] done in 5ms @ http://localhost:3100/_next/static/chunks/node_modules_next_dist_1e8vcs8._.js:776
[   33041ms] [LOG] [Fast Refresh] done in 5ms @ http://localhost:3100/_next/static/chunks/node_modules_next_dist_1e8vcs8._.js:776
[   33106ms] [LOG] [Fast Refresh] done in 5ms @ http://localhost:3100/_next/static/chunks/node_modules_next_dist_1e8vcs8._.js:776
[   33169ms] [LOG] [Fast Refresh] done in 5ms @ http://localhost:3100/_next/static/chunks/node_modules_next_dist_1e8vcs8._.js:776
[   33229ms] [LOG] [Fast Refresh] done in 5ms @ http://localhost:3100/_next/static/chunks/node_modules_next_dist_1e8vcs8._.js:776
[   33293ms] [LOG] [Fast Refresh] done in 5ms @ http://localhost:3100/_next/static/chunks/node_modules_next_dist_1e8vcs8._.js:776
[   33355ms] [LOG] [Fast Refresh] done in 5ms @ http://localhost:3100/_next/static/chunks/node_modules_next_dist_1e8vcs8._.js:776
[   33416ms] [LOG] [Fast Refresh] done in 5ms @ http://localhost:3100/_next/static/chunks/node_modules_next_dist_1e8vcs8._.js:776
[   33478ms] [LOG] [Fast Refresh] done in 5ms @ http://localhost:3100/_next/static/chunks/node_modules_next_dist_1e8vcs8._.js:776
[   33541ms] [LOG] [Fast Refresh] done in 5ms @ http://localhost:3100/_next/static/chunks/node_modules_next_dist_1e8vcs8._.js:776
[   33588ms] [LOG] [Fast Refresh] done in 5ms @ http://localhost:3100/_next/static/chunks/node_modules_next_dist_1e8vcs8._.js:776
[   33651ms] [LOG] [Fast Refresh] done in 5ms @ http://localhost:3100/_next/static/chunks/node_modules_next_dist_1e8vcs8._.js:776
[   33714ms] [LOG] [Fast Refresh] done in 5ms @ http://localhost:3100/_next/static/chunks/node_modules_next_dist_1e8vcs8._.js:776
[   33777ms] [LOG] [Fast Refresh] done in 5ms @ http://localhost:3100/_next/static/chunks/node_modules_next_dist_1e8vcs8._.js:776
[   33839ms] [LOG] [Fast Refresh] done in 5ms @ http://localhost:3100/_next/static/chunks/node_modules_next_dist_1e8vcs8._.js:776
[   33901ms] [LOG] [Fast Refresh] done in 5ms @ http://localhost:3100/_next/static/chunks/node_modules_next_dist_1e8vcs8._.js:776
[   33964ms] [LOG] [Fast Refresh] done in 5ms @ http://localhost:3100/_next/static/chunks/node_modules_next_dist_1e8vcs8._.js:776
[   34027ms] [LOG] [Fast Refresh] done in 5ms @ http://localhost:3100/_next/static/chunks/node_modules_next_dist_1e8vcs8._.js:776
[   34090ms] [LOG] [Fast Refresh] done in 5ms @ http://localhost:3100/_next/static/chunks/node_modules_next_dist_1e8vcs8._.js:776
[   34150ms] [LOG] [Fast Refresh] done in 5ms @ http://localhost:3100/_next/static/chunks/node_modules_next_dist_1e8vcs8._.js:776
[   34214ms] [LOG] [Fast Refresh] done in 5ms @ http://localhost:3100/_next/static/chunks/node_modules_next_dist_1e8vcs8._.js:776
[   34275ms] [LOG] [Fast Refresh] done in 5ms @ http://localhost:3100/_next/static/chunks/node_modules_next_dist_1e8vcs8._.js:776
[   34338ms] [LOG] [Fast Refresh] done in 5ms @ http://localhost:3100/_next/static/chunks/node_modules_next_dist_1e8vcs8._.js:776
[   34401ms] [LOG] [Fast Refresh] done in 5ms @ http://localhost:3100/_next/static/chunks/node_modules_next_dist_1e8vcs8._.js:776
[   34464ms] [LOG] [Fast Refresh] done in 5ms @ http://localhost:3100/_next/static/chunks/node_modules_next_dist_1e8vcs8._.js:776
[   34526ms] [LOG] [Fast Refresh] done in 5ms @ http://localhost:3100/_next/static/chunks/node_modules_next_dist_1e8vcs8._.js:776
[   34589ms] [LOG] [Fast Refresh] done in 5ms @ http://localhost:3100/_next/static/chunks/node_modules_next_dist_1e8vcs8._.js:776
[   34651ms] [LOG] [Fast Refresh] done in 5ms @ http://localhost:3100/_next/static/chunks/node_modules_next_dist_1e8vcs8._.js:776
[   34714ms] [LOG] [Fast Refresh] done in 5ms @ http://localhost:3100/_next/static/chunks/node_modules_next_dist_1e8vcs8._.js:776
[   34776ms] [LOG] [Fast Refresh] done in 5ms @ http://localhost:3100/_next/static/chunks/node_modules_next_dist_1e8vcs8._.js:776
[   34838ms] [LOG] [Fast Refresh] done in 5ms @ http://localhost:3100/_next/static/chunks/node_modules_next_dist_1e8vcs8._.js:776
[   34899ms] [LOG] [Fast Refresh] done in 5ms @ http://localhost:3100/_next/static/chunks/node_modules_next_dist_1e8vcs8._.js:776
[   34962ms] [LOG] [Fast Refresh] done in 5ms @ http://localhost:3100/_next/static/chunks/node_modules_next_dist_1e8vcs8._.js:776
[   35025ms] [LOG] [Fast Refresh] done in 5ms @ http://localhost:3100/_next/static/chunks/node_modules_next_dist_1e8vcs8._.js:776
[   35088ms] [LOG] [Fast Refresh] done in 5ms @ http://localhost:3100/_next/static/chunks/node_modules_next_dist_1e8vcs8._.js:776
[   35136ms] [LOG] [Fast Refresh] done in 5ms @ http://localhost:3100/_next/static/chunks/node_modules_next_dist_1e8vcs8._.js:776
[   35199ms] [LOG] [Fast Refresh] done in 5ms @ http://localhost:3100/_next/static/chunks/node_modules_next_dist_1e8vcs8._.js:776
[   35263ms] [LOG] [Fast Refresh] done in 5ms @ http://localhost:3100/_next/static/chunks/node_modules_next_dist_1e8vcs8._.js:776
[   35325ms] [LOG] [Fast Refresh] done in 5ms @ http://localhost:3100/_next/static/chunks/node_modules_next_dist_1e8vcs8._.js:776
[   35388ms] [LOG] [Fast Refresh] done in 5ms @ http://localhost:3100/_next/static/chunks/node_modules_next_dist_1e8vcs8._.js:776
[   35451ms] [LOG] [Fast Refresh] done in 5ms @ http://localhost:3100/_next/static/chunks/node_modules_next_dist_1e8vcs8._.js:776
[   35516ms] [LOG] [Fast Refresh] done in 5ms @ http://localhost:3100/_next/static/chunks/node_modules_next_dist_1e8vcs8._.js:776
[   35575ms] [LOG] [Fast Refresh] done in 5ms @ http://localhost:3100/_next/static/chunks/node_modules_next_dist_1e8vcs8._.js:776
[   35664ms] [LOG] [Fast Refresh] rebuilding @ http://localhost:3100/_next/static/chunks/node_modules_next_dist_1e8vcs8._.js:776
[   35716ms] [LOG] [Fast Refresh] done in 2ms @ http://localhost:3100/_next/static/chunks/node_modules_next_dist_1e8vcs8._.js:776
[   35778ms] [LOG] [Fast Refresh] done in 2ms @ http://localhost:3100/_next/static/chunks/node_modules_next_dist_1e8vcs8._.js:776
[   35826ms] [LOG] [Fast Refresh] done in 2ms @ http://localhost:3100/_next/static/chunks/node_modules_next_dist_1e8vcs8._.js:776
[   35887ms] [LOG] [Fast Refresh] done in 2ms @ http://localhost:3100/_next/static/chunks/node_modules_next_dist_1e8vcs8._.js:776
[   35936ms] [LOG] [Fast Refresh] done in 2ms @ http://localhost:3100/_next/static/chunks/node_modules_next_dist_1e8vcs8._.js:776
[   35998ms] [LOG] [Fast Refresh] done in 2ms @ http://localhost:3100/_next/static/chunks/node_modules_next_dist_1e8vcs8._.js:776
[   36061ms] [LOG] [Fast Refresh] done in 2ms @ http://localhost:3100/_next/static/chunks/node_modules_next_dist_1e8vcs8._.js:776
[   36125ms] [LOG] [Fast Refresh] done in 2ms @ http://localhost:3100/_next/static/chunks/node_modules_next_dist_1e8vcs8._.js:776
[   36186ms] [LOG] [Fast Refresh] done in 2ms @ http://localhost:3100/_next/static/chunks/node_modules_next_dist_1e8vcs8._.js:776
[   36249ms] [LOG] [Fast Refresh] done in 2ms @ http://localhost:3100/_next/static/chunks/node_modules_next_dist_1e8vcs8._.js:776
[   36311ms] [LOG] [Fast Refresh] done in 2ms @ http://localhost:3100/_next/static/chunks/node_modules_next_dist_1e8vcs8._.js:776
[   36373ms] [LOG] [Fast Refresh] done in 2ms @ http://localhost:3100/_next/static/chunks/node_modules_next_dist_1e8vcs8._.js:776
[   36454ms] [LOG] [Fast Refresh] done in 2ms @ http://localhost:3100/_next/static/chunks/node_modules_next_dist_1e8vcs8._.js:776
[   36515ms] [LOG] [Fast Refresh] done in 2ms @ http://localhost:3100/_next/static/chunks/node_modules_next_dist_1e8vcs8._.js:776
[   36577ms] [LOG] [Fast Refresh] done in 2ms @ http://localhost:3100/_next/static/chunks/node_modules_next_dist_1e8vcs8._.js:776
[   36625ms] [LOG] [Fast Refresh] done in 2ms @ http://localhost:3100/_next/static/chunks/node_modules_next_dist_1e8vcs8._.js:776
[   36687ms] [LOG] [Fast Refresh] done in 2ms @ http://localhost:3100/_next/static/chunks/node_modules_next_dist_1e8vcs8._.js:776
[   36750ms] [LOG] [Fast Refresh] done in 2ms @ http://localhost:3100/_next/static/chunks/node_modules_next_dist_1e8vcs8._.js:776
[   36813ms] [LOG] [Fast Refresh] done in 2ms @ http://localhost:3100/_next/static/chunks/node_modules_next_dist_1e8vcs8._.js:776
[   36876ms] [LOG] [Fast Refresh] done in 2ms @ http://localhost:3100/_next/static/chunks/node_modules_next_dist_1e8vcs8._.js:776
[   36940ms] [LOG] [Fast Refresh] done in 2ms @ http://localhost:3100/_next/static/chunks/node_modules_next_dist_1e8vcs8._.js:776
[   37002ms] [LOG] [Fast Refresh] done in 2ms @ http://localhost:3100/_next/static/chunks/node_modules_next_dist_1e8vcs8._.js:776
[   37063ms] [LOG] [Fast Refresh] done in 2ms @ http://localhost:3100/_next/static/chunks/node_modules_next_dist_1e8vcs8._.js:776
[   37126ms] [LOG] [Fast Refresh] done in 2ms @ http://localhost:3100/_next/static/chunks/node_modules_next_dist_1e8vcs8._.js:776
[   37189ms] [LOG] [Fast Refresh] done in 2ms @ http://localhost:3100/_next/static/chunks/node_modules_next_dist_1e8vcs8._.js:776
[   37252ms] [LOG] [Fast Refresh] done in 2ms @ http://localhost:3100/_next/static/chunks/node_modules_next_dist_1e8vcs8._.js:776
[   37315ms] [LOG] [Fast Refresh] done in 2ms @ http://localhost:3100/_next/static/chunks/node_modules_next_dist_1e8vcs8._.js:776
[   37364ms] [LOG] [Fast Refresh] done in 2ms @ http://localhost:3100/_next/static/chunks/node_modules_next_dist_1e8vcs8._.js:776
[   37425ms] [LOG] [Fast Refresh] done in 2ms @ http://localhost:3100/_next/static/chunks/node_modules_next_dist_1e8vcs8._.js:776
[   37489ms] [LOG] [Fast Refresh] done in 2ms @ http://localhost:3100/_next/static/chunks/node_modules_next_dist_1e8vcs8._.js:776
[   37551ms] [LOG] [Fast Refresh] done in 2ms @ http://localhost:3100/_next/static/chunks/node_modules_next_dist_1e8vcs8._.js:776
[   37614ms] [LOG] [Fast Refresh] done in 2ms @ http://localhost:3100/_next/static/chunks/node_modules_next_dist_1e8vcs8._.js:776
[   37676ms] [LOG] [Fast Refresh] done in 2ms @ http://localhost:3100/_next/static/chunks/node_modules_next_dist_1e8vcs8._.js:776
[   37738ms] [LOG] [Fast Refresh] done in 2ms @ http://localhost:3100/_next/static/chunks/node_modules_next_dist_1e8vcs8._.js:776
[   37801ms] [LOG] [Fast Refresh] done in 2ms @ http://localhost:3100/_next/static/chunks/node_modules_next_dist_1e8vcs8._.js:776
[   37865ms] [LOG] [Fast Refresh] done in 2ms @ http://localhost:3100/_next/static/chunks/node_modules_next_dist_1e8vcs8._.js:776
[   37926ms] [LOG] [Fast Refresh] done in 2ms @ http://localhost:3100/_next/static/chunks/node_modules_next_dist_1e8vcs8._.js:776
[   37989ms] [LOG] [Fast Refresh] done in 2ms @ http://localhost:3100/_next/static/chunks/node_modules_next_dist_1e8vcs8._.js:776
[   38052ms] [LOG] [Fast Refresh] done in 2ms @ http://localhost:3100/_next/static/chunks/node_modules_next_dist_1e8vcs8._.js:776
[   38112ms] [LOG] [Fast Refresh] done in 2ms @ http://localhost:3100/_next/static/chunks/node_modules_next_dist_1e8vcs8._.js:776
[   38175ms] [LOG] [Fast Refresh] done in 2ms @ http://localhost:3100/_next/static/chunks/node_modules_next_dist_1e8vcs8._.js:776
[   38235ms] [LOG] [Fast Refresh] done in 2ms @ http://localhost:3100/_next/static/chunks/node_modules_next_dist_1e8vcs8._.js:776
[   38283ms] [LOG] [Fast Refresh] done in 2ms @ http://localhost:3100/_next/static/chunks/node_modules_next_dist_1e8vcs8._.js:776
